   :-) GROMACS - gmx mdrun, 2027.0-dev-20260317-3c0b91be8e-dirty-unknown (-:

Copyright 1991-2027 The GROMACS Authors.
GROMACS is free software; you can redistribute it and/or modify it
under the terms of the GNU Lesser General Public License
as published by the Free Software Foundation; either version 2.1
of the License, or (at your option) any later version.

                         Current GROMACS contributors:
       Mark Abraham           Andrey Alekseenko           Brian Andrews       
        Paul Bauer              Cathrine Bergh              Hugh Bird         
      Eliane Briand               Ania Brown                Yiqi Chen         
      Mahesh Doijade            Giacomo Fiorin          Stefan Fleischmann    
      Sergey Gorelov         Gilles Gouaillardet            Alan Gray         
   Farzaneh Jalalypour         Petter Johansson          Carsten Kutzner      
    Grzegorz Łazarski         Justin A. Lemkul          Magnus Lundborg      
        Julio Maia               Pascal Merz             Vedran Miletić      
      Dmitry Morozov           Lukas Müllender           Szilárd Páll      
 Andrea Pasquadibisceglie     Michele Pellegrino         Nicola Piasentin     
     Daniele Rapetti         Muhammad Umair Sadiq         Hubert Santuz       
      Michael Shirts           Tatiana Shugaeva          Alexey Shvetsov      
     Bálint Soproni            Philip Turner            Alessandra Villa     
        Yang Zhang        

                         Previous GROMACS contributors:
        Emile Apol             Rossen Apostolov           James Barnett       
      Vladimir Basov        Herman J.C. Berendsen         Pär Bjelkmar       
      Christian Blau          Viacheslav Bolnykh            Kevin Boyd        
    Aldert van Buuren          Carlo Camilloni           Rudi van Drunen      
      Anton Feenstra           Oliver Fleetwood            Vytas Gapsys       
       Gaurav Garg             Gerrit Groenhof            Bert de Groot       
      Anca Hamuraru           Vincent Hindriksen          Victor Holanda      
     M. Eric Irrgang           Aleksei Iupinov              Joe Jordan        
    Christoph Junghans        Prashanth Kanduri        Dimitrios Karkoulis    
       Peter Kasson             Sebastian Kehl           Sebastian Keller     
        Jiri Kraus               Per Larsson              Viveca Lindahl      
      Erik Marklund           Pieter Meulenhoff           Teemu Murtola       
       Julien Nabet              Sander Pronk             Roland Schulz       
      Alfons Sijbers         David van der Spoel          Peter Tieleman      
      Carsten Uphoff             Jon Vincent             Teemu Virolainen     
    Christian Wennberg     Sebastian Wingbermühle         Maarten Wolf       
      Artem Zhmurov       

                  Coordinated by the GROMACS project leaders:
                           Berk Hess and Erik Lindahl

GROMACS:      gmx mdrun, version 2027.0-dev-20260317-3c0b91be8e-dirty-unknown
Executable:   /home/kiket/바탕화면/test/GROMACS_PCFF/build/bin/gmx
Data prefix:  /home/kiket/바탕화면/test/GROMACS_PCFF (source tree)
Working dir:  /home/kiket/바탕화면/test/GROMACS_PCFF/tools/run_tp1_8d_coulomb_consumer_trace/work/safe_pme_shift_ref
Process ID:   2223236
Command line:
  gmx mdrun -s run.tpr -deffnm run -nt 1

GROMACS version:     2027.0-dev-20260317-3c0b91be8e-dirty-unknown
GIT SHA1 hash:       3c0b91be8eba68d22d6404cf70e4439fbb1dd0d6 (dirty)
Branched from:       unknown
Precision:           mixed
Memory model:        64 bit
MPI library:         thread_mpi
MPI version:         built in
OpenMP support:      enabled (GMX_OPENMP_MAX_THREADS = 128)
GPU support:         disabled
SIMD instructions:   AVX_512
CPU FFT library:     fftw-3.3.10-sse2-avx-avx2-avx2_128-avx512
GPU FFT library:     none
Multi-GPU FFT:       none
RDTSCP:              enabled
TNG support:         enabled
Hwloc support:       disabled
Tracing support:     disabled
Colvars support:     enabled (version 2025-10-13)
CP2K support:        disabled
Torch support:       disabled
Plumed support:      enabled
C compiler:          /usr/bin/cc GNU 13.3.0
C compiler flags:    -Wno-array-bounds -fexcess-precision=fast -funroll-all-loops -march=skylake-avx512 -Wall -Wno-unused -Wunused-value -Wunused-parameter -Wextra -Wno-sign-compare -Wpointer-arith -Wpedantic -Wundef -Werror=stringop-truncation -Wshadow -Wno-missing-field-initializers -O3 -DNDEBUG
C++ compiler:        /usr/bin/c++ GNU 13.3.0
C++ compiler flags:  -Wno-array-bounds -fexcess-precision=fast -funroll-all-loops -march=skylake-avx512 -Wall -Wextra -Wpointer-arith -Wmissing-declarations -Wpedantic -Wundef -Wstringop-truncation -Wshadow -Wno-missing-field-initializers -Wno-stringop-truncation -Wno-cast-function-type-strict SHELL:-fopenmp -O3 -DNDEBUG
BLAS library:        Internal
LAPACK library:      Internal


Running on 1 node with total 12 cores, 24 processing units
Hardware detected on host KikET:
  CPU info:
    Vendor: AMD
    Brand:  AMD Ryzen 9 9900X 12-Core Processor            
    Family: 26   Model: 68   Stepping: 0
    Features: aes amd apic avx avx2 avx512f avx512cd avx512bw avx512vl avx512bf16 avx512secondFMA clfsh cmov cx8 cx16 f16c fma htt lahf misalignsse mmx msr nonstop_tsc pclmuldq pdpe1gb popcnt pse rdrnd rdtscp sha sse2 sse3 sse4a sse4.1 sse4.2 ssse3
  Hardware topology: Basic
    Packages, cores, and logical processors:
    [indices refer to OS logical processors]
      Package  0: [   0  12] [   1  13] [   2  14] [   3  15] [   4  16] [   5  17] [   6  18] [   7  19] [   8  20] [   9  21] [  10  22] [  11  23]
    CPU limit set by OS: -1   Recommended max number of threads: 24


++++ PLEASE READ AND CITE THE FOLLOWING REFERENCE ++++
M. J. Abraham, T. Murtola, R. Schulz, S. Páll, J. C. Smith, B. Hess, E.
Lindahl
GROMACS: High performance molecular simulations through multi-level
parallelism from laptops to supercomputers
SoftwareX (2015)
https://doi.org/10.1016/j.softx.2015.06.001
-------- -------- --- Thank You --- -------- --------


++++ PLEASE READ AND CITE THE FOLLOWING REFERENCE ++++
S. Páll, M. J. Abraham, C. Kutzner, B. Hess, E. Lindahl
Tackling Exascale Software Challenges in Molecular Dynamics Simulations with
GROMACS
In S. Markidis & E. Laure (Eds.), Solving Software Challenges for Exascale (2015)
https://doi.org/10.1007/978-3-319-15976-8_1
-------- -------- --- Thank You --- -------- --------


++++ PLEASE READ AND CITE THE FOLLOWING REFERENCE ++++
S. Pronk, S. Páll, R. Schulz, P. Larsson, P. Bjelkmar, R. Apostolov, M. R.
Shirts, J. C. Smith, P. M. Kasson, D. van der Spoel, B. Hess, E. Lindahl
GROMACS 4.5: a high-throughput and highly parallel open source molecular
simulation toolkit
Bioinformatics (2013)
https://doi.org/10.1093/bioinformatics/btt055
-------- -------- --- Thank You --- -------- --------


++++ PLEASE READ AND CITE THE FOLLOWING REFERENCE ++++
B. Hess, C. Kutzner, D. van der Spoel, E. Lindahl
GROMACS 4: Algorithms for highly efficient, load-balanced, and scalable
molecular simulation
J. Chem. Theory Comput. (2008)
https://doi.org/10.1021/ct700301q
-------- -------- --- Thank You --- -------- --------


++++ PLEASE READ AND CITE THE FOLLOWING REFERENCE ++++
D. van der Spoel, E. Lindahl, B. Hess, G. Groenhof, A. E. Mark, H. J. C.
Berendsen
GROMACS: Fast, Flexible and Free
J. Comp. Chem. (2005)
https://doi.org/10.1002/jcc.20291
-------- -------- --- Thank You --- -------- --------


++++ PLEASE READ AND CITE THE FOLLOWING REFERENCE ++++
E. Lindahl, B. Hess, D. van der Spoel
GROMACS 3.0: A package for molecular simulation and trajectory analysis
J. Mol. Mod. (2001)
https://doi.org/10.1007/s008940100045
-------- -------- --- Thank You --- -------- --------


++++ PLEASE READ AND CITE THE FOLLOWING REFERENCE ++++
H. J. C. Berendsen, D. van der Spoel and R. van Drunen
GROMACS: A message-passing parallel molecular dynamics implementation
Comp. Phys. Comm. (1995)
https://doi.org/10.1016/0010-4655(95)00042-E
-------- -------- --- Thank You --- -------- --------

Input Parameters:
   integrator                     = md
   tinit                          = 0
   dt                             = 0.001
   nsteps                         = 20000
   init-step                      = 0
   simulation-part                = 1
   mts                            = false
   mass-repartition-factor        = 1
   comm-mode                      = Linear
   nstcomm                        = 100
   bd-fric                        = 0
   ld-seed                        = 139784878
   emtol                          = 10
   emstep                         = 0.01
   niter                          = 20
   fcstep                         = 0
   nstcgsteep                     = 1000
   nbfgscorr                      = 10
   rtpi                           = 0.05
   nstxout                        = 0
   nstvout                        = 0
   nstfout                        = 0
   nstlog                         = 1000
   nstcalcenergy                  = 100
   nstenergy                      = 100
   nstxout-compressed             = 0
   compressed-x-precision         = 1000
   cutoff-scheme                  = Verlet
   nstlist                        = 10
   pbc                            = xyz
   periodic-molecules             = false
   verlet-buffer-tolerance        = -1
   verlet-buffer-pressure-tolerance = -1
   rlist                          = 0.911
   coulombtype                    = PME
   coulomb-modifier               = Potential-shift
   rcoulomb-switch                = 0
   rcoulomb                       = 0.9
   epsilon-r                      = 1
   epsilon-rf                     = inf
   vdw-type                       = Cut-off
   vdw-modifier                   = Potential-shift
   rvdw-switch                    = 0
   rvdw                           = 0.9
   DispCorr                       = No
   table-extension                = 1
   fourierspacing                 = 0.12
   fourier-nx                     = 20
   fourier-ny                     = 20
   fourier-nz                     = 20
   pme-order                      = 4
   ewald-rtol                     = 1e-05
   ewald-rtol-lj                  = 0.001
   lj-pme-comb-rule               = Geometric
   ewald-geometry                 = 3d
   epsilon-surface                = 0
   ensemble-temperature-setting   = not available
   tcoupl                         = No
   nsttcouple                     = -1
   nh-chain-length                = 0
   print-nose-hoover-chain-variables = false
   pcoupl                         = No
   refcoord-scaling               = No
   posres-com: not available
   posres-comB: not available
   QMMM                           = false
qm-opts:
   ngQM                           = 0
   constraint-algorithm           = Lincs
   continuation                   = false
   Shake-SOR                      = false
   shake-tol                      = 0.0001
   lincs-order                    = 4
   lincs-iter                     = 1
   lincs-warnangle                = 30
   nwall                          = 0
   wall-type                      = 9-3
   wall-r-linpot                  = -1
   wall-atomtype[0]               = -1
   wall-atomtype[1]               = -1
   wall-density[0]                = 0
   wall-density[1]                = 0
   wall-ewald-zfac                = 3
   pull                           = false
   awh                            = false
   rotation                       = false
   interactiveMD                  = false
   disre                          = No
   disre-weighting                = Conservative
   disre-mixed                    = false
   dr-fc                          = 1000
   dr-tau                         = 0
   nstdisreout                    = 100
   orire-fc                       = 0
   orire-tau                      = 0
   nstorireout                    = 100
   free-energy                    = no
   cos-acceleration               = 0
   deform (3x3):
      deform[    0]={ 0.00000e+00,  0.00000e+00,  0.00000e+00}
      deform[    1]={ 0.00000e+00,  0.00000e+00,  0.00000e+00}
      deform[    2]={ 0.00000e+00,  0.00000e+00,  0.00000e+00}
   simulated-tempering            = false
   swapcoords                     = no
   userint1                       = 0
   userint2                       = 0
   userint3                       = 0
   userint4                       = 0
   userreal1                      = 0
   userreal2                      = 0
   userreal3                      = 0
   userreal4                      = 0
   applied-forces:
     electric-field:
       x:
         E0                       = 0
         omega                    = 0
         t0                       = 0
         sigma                    = 0
       y:
         E0                       = 0
         omega                    = 0
         t0                       = 0
         sigma                    = 0
       z:
         E0                       = 0
         omega                    = 0
         t0                       = 0
         sigma                    = 0
     density-guided-simulation:
       active                     = false
       group                      = protein
       similarity-measure         = inner-product
       atom-spreading-weight      = unity
       force-constant             = 1e+09
       gaussian-transform-spreading-width = 0.2
       gaussian-transform-spreading-range-in-multiples-of-width = 4
       reference-density-filename = reference.mrc
       nst                        = 1
       normalize-densities        = true
       adaptive-force-scaling     = false
       adaptive-force-scaling-time-constant = 4
       shift-vector               = 
       transformation-matrix      = 
     qmmm-cp2k:
       active                     = false
       qmgroup                    = System
       qmmethod                   = PBE
       qmfilenames                = 
       qmcharge                   = 0
       qmmultiplicity             = 1
     colvars:
       active                     = false
       configfile                 = 
       seed                       = -1
     nnpot:
       active                     = false
       modelfile                  = model.pt
       input-group                = System
       link-type                  = H
       link-distance              = 0.1
       pair-cutoff                = 0
       embedding                  = mechanical
       nnp-charge                 = 0
       model-input1               = 
       model-input2               = 
       model-input3               = 
       model-input4               = 
       model-input5               = 
       model-input6               = 
       model-input7               = 
       model-input8               = 
       model-input9               = 
   fast-multipole-method:
     fmm:
       backend                    = inactive
       exafmm-order               = 6
       exafmm-direct-range        = 2
       exafmm-direct-provider     = GROMACS
       exafmm-tree-type           = uniform
       exafmm-tree-depth          = 0
       exafmm-max-particles-per-cell = 0
       fmsolvr-order              = 8
       fmsolvr-direct-range       = 1
       fmsolvr-direct-provider    = FMM
       fmsolvr-dipole-compensation = true
       fmsolvr-tree-depth         = 3
       fmsolvr-sparse             = false
grpopts:
   nrdf:         807
   ref-t:           0
   tau-t:           0
annealing:          No
annealing-npoints:           0
   acc:	           0           0           0
   nfreeze:           N           N           N
   energygrp-flags[  0]: 0

Can not increase nstlist because an NVE ensemble is used
When checking whether update groups are usable:
  No constraints or virtual sites are in use, so it is best not to use update groups

Initializing Domain Decomposition on 1 ranks
Dynamic load balancing: auto
Minimum cell size due to atom displacement: 0.011 nm
Initial maximum distances in bonded interactions:
    two-body bonded interactions: 0.381 nm, LJ-14, atoms 13 16
  multi-body bonded interactions: 0.381 nm, Class2 Dih., atoms 13 16
Minimum cell size due to bonded interactions: 0.419 nm
Using 0 separate PME ranks because: there are too few total ranks for efficient splitting
Optimizing the DD grid for 1 cells with a minimum initial size of 0.419 nm
The maximum allowed number of cells is: X 5 Y 5 Z 5
Domain decomposition grid 1 x 1 x 1, separate PME ranks 0
PME domain decomposition: 1 x 1 x 1

The initial number of communication pulses is:
The initial domain decomposition cell size is:

The maximum allowed distance for atoms involved in interactions is:
                 non-bonded interactions           0.911 nm
            two-body bonded interactions  (-rdd)   0.911 nm
          multi-body bonded interactions  (-rdd)   0.911 nm

When dynamic load balancing gets turned on, these settings will change to:
The maximum number of communication pulses is:
The minimum size for domain decomposition cells is 0.911 nm
The requested allowed shrink of DD cells (option -dds) is: 0.80
The allowed shrink of domain decomposition cells is:
The maximum allowed distance for atoms involved in interactions is:
                 non-bonded interactions           0.911 nm
            two-body bonded interactions  (-rdd)   0.911 nm
          multi-body bonded interactions  (-rdd)   0.911 nm

Local state does not use filler particles

Using 1 MPI thread
Using 1 OpenMP thread 

System total charge: 0.000
Will do PME sum in reciprocal space for electrostatic interactions.

++++ PLEASE READ AND CITE THE FOLLOWING REFERENCE ++++
U. Essmann, L. Perera, M. L. Berkowitz, T. Darden, H. Lee, L. G. Pedersen 
A smooth particle mesh Ewald method
J. Chem. Phys. (1995)
https://doi.org/10.1063/1.470117
-------- -------- --- Thank You --- -------- --------

Using a Gaussian width (1/beta) of 0.288146 nm for Ewald
Potential shift: LJ r^-9: -2.581e+00 r^-6: -1.882e+00, Ewald -1.111e-05
Initialized non-bonded Coulomb Ewald tables, spacing: 8.85e-04 size: 1018


Detected LJ repulsion power 9.
Disabling SIMD non-bonded kernels and using plain-C reference kernels.

Generated table with 955 data points for 1-4 COUL.
Tabscale = 500 points/nm
Generated table with 955 data points for 1-4 LJ6.
Tabscale = 500 points/nm
Generated table with 955 data points for 1-4 LJ12.
Tabscale = 500 points/nm


Using plain-C-4x4 4x4 nonbonded short-range kernels

WARNING: Using the slow plain-C-4x4 kernels. This should
not happen during routine usage on common platforms.

Using a 4x4 pair-list setup:
  updated every 10 steps, buffer 0.011 nm, rlist 0.911 nm

The average pressure is off by at most 0.00 bar due to missing LJ interactions
Removing pbc first time

Linking all bonded interactions to atoms


NOTE: Thread affinity was not set.
There are: 270 Atoms

Atom distribution over 1 domains: av 270 stddev 0 min 270 max 270
Center of mass motion removal mode is Linear
We have the following groups for center of mass motion removal:
  0:  rest
Initial temperature: 300.72 K

Started mdrun on rank 0 Thu Mar 19 18:17:16 2026

           Step           Time
              0        0.00000

   Energies (kJ/mol)
    Class2 Bond   Class2 Angle    Class2 Dih.          LJ-14     Coulomb-14
    2.28798e+01    2.14063e+01    9.13249e+02   -1.73512e+01   -2.29759e+03
        LJ (SR)   Coulomb (SR)   Coul. recip.      Potential    Kinetic En.
    2.03929e+03   -2.83398e+04    6.95810e+02   -2.69622e+04    1.00749e+03
   Total Energy    Temperature Pressure (bar)
   -2.59547e+04    3.00307e+02   -1.16569e+03

           Step           Time
           1000        1.00000

   Energies (kJ/mol)
    Class2 Bond   Class2 Angle    Class2 Dih.          LJ-14     Coulomb-14
    1.62598e+02    2.31713e+02    8.29407e+02    4.19332e+01   -2.45012e+03
        LJ (SR)   Coulomb (SR)   Coul. recip.      Potential    Kinetic En.
    2.30897e+03   -2.91628e+04    3.21384e+02   -2.77169e+04    1.76518e+03
   Total Energy    Temperature Pressure (bar)
   -2.59518e+04    5.26153e+02    5.36953e+02

           Step           Time
           2000        2.00000

   Energies (kJ/mol)
    Class2 Bond   Class2 Angle    Class2 Dih.          LJ-14     Coulomb-14
    1.97228e+02    2.78573e+02    8.29935e+02    3.59215e+01   -2.44908e+03
        LJ (SR)   Coulomb (SR)   Coul. recip.      Potential    Kinetic En.
    2.08718e+03   -2.93223e+04    2.85462e+02   -2.80571e+04    2.10519e+03
   Total Energy    Temperature Pressure (bar)
   -2.59519e+04    6.27501e+02   -1.44492e+03

           Step           Time
           3000        3.00000

   Energies (kJ/mol)
    Class2 Bond   Class2 Angle    Class2 Dih.          LJ-14     Coulomb-14
    2.14899e+02    2.61470e+02    8.66209e+02    4.84772e+01   -2.44912e+03
        LJ (SR)   Coulomb (SR)   Coul. recip.      Potential    Kinetic En.
    2.23529e+03   -2.95294e+04    2.37307e+02   -2.81149e+04    2.16280e+03
   Total Energy    Temperature Pressure (bar)
   -2.59521e+04    6.44672e+02    5.29593e+02

           Step           Time
           4000        4.00000

   Energies (kJ/mol)
    Class2 Bond   Class2 Angle    Class2 Dih.          LJ-14     Coulomb-14
    2.52109e+02    2.72290e+02    8.84305e+02    3.77447e+01   -2.44543e+03
        LJ (SR)   Coulomb (SR)   Coul. recip.      Potential    Kinetic En.
    2.50788e+03   -2.98353e+04    2.28033e+02   -2.80984e+04    2.14662e+03
   Total Energy    Temperature Pressure (bar)
   -2.59518e+04    6.39850e+02    1.49943e+03

           Step           Time
           5000        5.00000

   Energies (kJ/mol)
    Class2 Bond   Class2 Angle    Class2 Dih.          LJ-14     Coulomb-14
    2.43168e+02    3.38432e+02    8.61117e+02    7.08142e+00   -2.39151e+03
        LJ (SR)   Coulomb (SR)   Coul. recip.      Potential    Kinetic En.
    2.33893e+03   -2.97382e+04    2.30472e+02   -2.81105e+04    2.15845e+03
   Total Energy    Temperature Pressure (bar)
   -2.59521e+04    6.43376e+02   -2.36424e+02

           Step           Time
           6000        6.00000

   Energies (kJ/mol)
    Class2 Bond   Class2 Angle    Class2 Dih.          LJ-14     Coulomb-14
    3.07815e+02    4.03369e+02    8.65744e+02    6.16361e+01   -2.46251e+03
        LJ (SR)   Coulomb (SR)   Coul. recip.      Potential    Kinetic En.
    2.17337e+03   -2.97059e+04    1.89535e+02   -2.81670e+04    2.21538e+03
   Total Energy    Temperature Pressure (bar)
   -2.59516e+04    6.60344e+02    3.46549e+02

           Step           Time
           7000        7.00000

   Energies (kJ/mol)
    Class2 Bond   Class2 Angle    Class2 Dih.          LJ-14     Coulomb-14
    3.23550e+02    4.08509e+02    8.38877e+02    1.67297e+01   -2.41834e+03
        LJ (SR)   Coulomb (SR)   Coul. recip.      Potential    Kinetic En.
    2.31157e+03   -2.98251e+04    1.86600e+02   -2.81576e+04    2.20636e+03
   Total Energy    Temperature Pressure (bar)
   -2.59512e+04    6.57656e+02    3.59801e+02

           Step           Time
           8000        8.00000

   Energies (kJ/mol)
    Class2 Bond   Class2 Angle    Class2 Dih.          LJ-14     Coulomb-14
    3.59099e+02    3.61761e+02    8.53392e+02    1.33375e+01   -2.41919e+03
        LJ (SR)   Coulomb (SR)   Coul. recip.      Potential    Kinetic En.
    2.17792e+03   -2.97166e+04    1.89327e+02   -2.81810e+04    2.22994e+03
   Total Energy    Temperature Pressure (bar)
   -2.59511e+04    6.64683e+02   -5.96900e+01

           Step           Time
           9000        9.00000

   Energies (kJ/mol)
    Class2 Bond   Class2 Angle    Class2 Dih.          LJ-14     Coulomb-14
    3.72692e+02    3.71656e+02    8.62704e+02    6.88881e+00   -2.39683e+03
        LJ (SR)   Coulomb (SR)   Coul. recip.      Potential    Kinetic En.
    2.00594e+03   -2.96677e+04    1.79081e+02   -2.82656e+04    2.31426e+03
   Total Energy    Temperature Pressure (bar)
   -2.59513e+04    6.89816e+02   -1.92378e+03

           Step           Time
          10000       10.00000

   Energies (kJ/mol)
    Class2 Bond   Class2 Angle    Class2 Dih.          LJ-14     Coulomb-14
    3.72993e+02    3.41699e+02    8.62629e+02    1.77538e+01   -2.42357e+03
        LJ (SR)   Coulomb (SR)   Coul. recip.      Potential    Kinetic En.
    2.26828e+03   -3.00320e+04    1.72710e+02   -2.84195e+04    2.46770e+03
   Total Energy    Temperature Pressure (bar)
   -2.59518e+04    7.35555e+02    1.85871e+03

           Step           Time
          11000       11.00000

   Energies (kJ/mol)
    Class2 Bond   Class2 Angle    Class2 Dih.          LJ-14     Coulomb-14
    4.38876e+02    4.02545e+02    8.40268e+02    2.98542e+01   -2.44380e+03
        LJ (SR)   Coulomb (SR)   Coul. recip.      Potential    Kinetic En.
    2.35654e+03   -3.00177e+04    1.64429e+02   -2.82290e+04    2.27833e+03
   Total Energy    Temperature Pressure (bar)
   -2.59507e+04    6.79109e+02    2.08121e+03

           Step           Time
          12000       12.00000

   Energies (kJ/mol)
    Class2 Bond   Class2 Angle    Class2 Dih.          LJ-14     Coulomb-14
    4.31492e+02    4.26301e+02    8.54406e+02    1.93597e+01   -2.39757e+03
        LJ (SR)   Coulomb (SR)   Coul. recip.      Potential    Kinetic En.
    2.26725e+03   -3.00752e+04    1.86274e+02   -2.82877e+04    2.33675e+03
   Total Energy    Temperature Pressure (bar)
   -2.59509e+04    6.96522e+02   -2.90574e+02

           Step           Time
          13000       13.00000

   Energies (kJ/mol)
    Class2 Bond   Class2 Angle    Class2 Dih.          LJ-14     Coulomb-14
    3.85380e+02    4.10437e+02    8.85612e+02    4.56161e+01   -2.43600e+03
        LJ (SR)   Coulomb (SR)   Coul. recip.      Potential    Kinetic En.
    2.28415e+03   -3.01493e+04    1.65138e+02   -2.84089e+04    2.45768e+03
   Total Energy    Temperature Pressure (bar)
   -2.59512e+04    7.32568e+02   -5.37754e+02

           Step           Time
          14000       14.00000

   Energies (kJ/mol)
    Class2 Bond   Class2 Angle    Class2 Dih.          LJ-14     Coulomb-14
    3.86069e+02    4.62541e+02    8.74127e+02    1.85275e+01   -2.41687e+03
        LJ (SR)   Coulomb (SR)   Coul. recip.      Potential    Kinetic En.
    2.35658e+03   -3.01274e+04    1.95142e+02   -2.82513e+04    2.30013e+03
   Total Energy    Temperature Pressure (bar)
   -2.59512e+04    6.85606e+02    1.18914e+02

           Step           Time
          15000       15.00000

   Energies (kJ/mol)
    Class2 Bond   Class2 Angle    Class2 Dih.          LJ-14     Coulomb-14
    3.95841e+02    4.18084e+02    8.42331e+02    2.88298e+01   -2.42672e+03
        LJ (SR)   Coulomb (SR)   Coul. recip.      Potential    Kinetic En.
    2.57582e+03   -3.04274e+04    1.66136e+02   -2.84270e+04    2.47614e+03
   Total Energy    Temperature Pressure (bar)
   -2.59509e+04    7.38069e+02    2.63267e+03

           Step           Time
          16000       16.00000

   Energies (kJ/mol)
    Class2 Bond   Class2 Angle    Class2 Dih.          LJ-14     Coulomb-14
    4.66030e+02    3.71976e+02    8.80130e+02    4.14467e+01   -2.44169e+03
        LJ (SR)   Coulomb (SR)   Coul. recip.      Potential    Kinetic En.
    2.00734e+03   -2.99795e+04    1.40183e+02   -2.85141e+04    2.56330e+03
   Total Energy    Temperature Pressure (bar)
   -2.59508e+04    7.64049e+02   -1.31164e+03

           Step           Time
          17000       17.00000

   Energies (kJ/mol)
    Class2 Bond   Class2 Angle    Class2 Dih.          LJ-14     Coulomb-14
    4.09516e+02    4.35266e+02    8.74621e+02    4.46990e+01   -2.41957e+03
        LJ (SR)   Coulomb (SR)   Coul. recip.      Potential    Kinetic En.
    2.48665e+03   -3.03501e+04    1.64182e+02   -2.83547e+04    2.40332e+03
   Total Energy    Temperature Pressure (bar)
   -2.59514e+04    7.16365e+02    6.67304e+02

           Step           Time
          18000       18.00000

   Energies (kJ/mol)
    Class2 Bond   Class2 Angle    Class2 Dih.          LJ-14     Coulomb-14
    4.54372e+02    3.59501e+02    8.65996e+02    1.68216e+01   -2.40344e+03
        LJ (SR)   Coulomb (SR)   Coul. recip.      Potential    Kinetic En.
    2.13081e+03   -3.01013e+04    1.52669e+02   -2.85246e+04    2.57325e+03
   Total Energy    Temperature Pressure (bar)
   -2.59514e+04    7.67017e+02   -5.72888e+02

           Step           Time
          19000       19.00000

   Energies (kJ/mol)
    Class2 Bond   Class2 Angle    Class2 Dih.          LJ-14     Coulomb-14
    5.04453e+02    4.81506e+02    8.74619e+02    1.94457e+01   -2.41096e+03
        LJ (SR)   Coulomb (SR)   Coul. recip.      Potential    Kinetic En.
    2.22875e+03   -3.02548e+04    1.42538e+02   -2.84145e+04    2.46423e+03
   Total Energy    Temperature Pressure (bar)
   -2.59502e+04    7.34520e+02   -2.78715e+02

           Step           Time
          20000       20.00000

Writing checkpoint, step 20000 at Thu Mar 19 18:17:23 2026


   Energies (kJ/mol)
    Class2 Bond   Class2 Angle    Class2 Dih.          LJ-14     Coulomb-14
    5.77716e+02    3.87820e+02    8.73550e+02    4.95101e+01   -2.43868e+03
        LJ (SR)   Coulomb (SR)   Coul. recip.      Potential    Kinetic En.
    2.66064e+03   -3.04914e+04    1.41382e+02   -2.82395e+04    2.29018e+03
   Total Energy    Temperature Pressure (bar)
   -2.59493e+04    6.82640e+02    8.10201e+02


Energy conservation over simulation part #1 of length 20 ps, time 0 to 20 ps
  Conserved energy drift: 9.95e-04 kJ/mol/ps per atom


	<======  ###############  ==>
	<====  A V E R A G E S  ====>
	<==  ###############  ======>

	Statistics over 20001 steps using 201 frames

   Energies (kJ/mol)
    Class2 Bond   Class2 Angle    Class2 Dih.          LJ-14     Coulomb-14
    3.44747e+02    3.63389e+02    8.68448e+02    3.35675e+01   -2.42478e+03
        LJ (SR)   Coulomb (SR)   Coul. recip.      Potential    Kinetic En.
    2.27638e+03   -2.98583e+04    1.99609e+02   -2.81969e+04    2.24553e+03
   Total Energy    Temperature Pressure (bar)
   -2.59514e+04    6.69332e+02   -1.75518e+01

   Total Virial (kJ/mol)
    9.40847e+02    7.72630e-01    2.03938e+00
    7.72517e-01    6.87171e+02    2.68008e+01
    2.03929e+00    2.68011e+01    6.34397e+02

   Pressure (bar)
   -5.91337e+02   -3.42669e+00    3.54270e+00
   -3.42634e+00    1.95844e+02   -1.02560e+02
    3.54298e+00   -1.02561e+02    3.42838e+02


	M E G A - F L O P S   A C C O U N T I N G

 NB=Group-cutoff nonbonded kernels    NxN=N-by-N cluster Verlet kernels
 RF=Reaction-Field  VdW=Van der Waals  QSTab=quadratic-spline table
 W3=SPC/TIP3p  W4=TIP4p (single or pairs)
 V&F=Potential and force  V=Potential only  F=Force only

 Computing:                               M-Number         M-Flops  % Flops
-----------------------------------------------------------------------------
 Pair Search distance check              60.930176         548.372     0.8
 NxN QSTab Elec. + LJ [F]               551.222512       22600.123    33.1
 NxN QSTab Elec. + LJ [V&F]               5.591944         329.925     0.5
 NxN QSTab Elec. [F]                     31.632032        1075.489     1.6
 NxN QSTab Elec. [V&F]                    0.321336          13.175     0.0
 1,4 nonbonded interactions               2.700135         243.012     0.4
 Calc Weights                            16.200810         583.229     0.9
 Spread Q Bspline                       345.617280         691.235     1.0
 Gather F Bspline                       345.617280        2073.704     3.0
 3D-FFT                                4149.247452       33193.980    48.5
 Solve PME                               88.004400        5632.282     8.2
 Reset In Box                             0.540270           1.621     0.0
 CG-CoM                                   0.540540           1.622     0.0
 Bonds                                    3.780189         223.031     0.3
 Angles                                   3.240162         544.347     0.8
 Propers                                  2.700135         618.331     0.9
 Virial                                   0.063315           1.140     0.0
 Stop-CM                                  0.054540           0.545     0.0
 Calc-Ekin                                0.108540           2.931     0.0
-----------------------------------------------------------------------------
 Total                                                   68378.091   100.0
-----------------------------------------------------------------------------


    D O M A I N   D E C O M P O S I T I O N   S T A T I S T I C S

 av. #atoms communicated per step for force:  2 x 0.0


      R E A L   C Y C L E   A N D   T I M E   A C C O U N T I N G

On 1 MPI rank

 Activity:              Num   Num      Call    Wall time         Giga-Cycles
                        Ranks Threads  Count      (s)         total sum    %
--------------------------------------------------------------------------------
 Domain decomp.            1    1       2001       0.053          0.235   0.8
 Neighbor search           1    1       2001       0.281          1.236   4.3
 Force                     1    1      20001       5.366         23.610  82.9
 PME mesh                  1    1      20001       0.586          2.578   9.1
 NB X/F buffer ops.        1    1      40002       0.012          0.054   0.2
 Write traj.               1    1          1       0.006          0.025   0.1
 Update                    1    1      20001       0.008          0.035   0.1
 Kinetic energy            1    1        401       0.000          0.001   0.0
 Rest                                              0.158          0.695   2.4
--------------------------------------------------------------------------------
 Total                                             6.471         28.470 100.0
--------------------------------------------------------------------------------
 Breakdown of PME mesh activities
--------------------------------------------------------------------------------
 PME spread                1    1      20001       0.113          0.497   1.7
 PME gather                1    1      20001       0.128          0.561   2.0
 PME 3D-FFT                1    1      40002       0.240          1.058   3.7
 PME solve Elec            1    1      20001       0.102          0.447   1.6
--------------------------------------------------------------------------------

               Core t (s)   Wall t (s)        (%)
       Time:        6.471        6.471      100.0
                 (ns/day)    (hour/ns)    (ms/step)  (Matom*steps/s) 
Performance:      267.069        0.090        0.324            0.835 
Finished mdrun on rank 0 Thu Mar 19 18:17:23 2026

