   :-) GROMACS - gmx mdrun, 2027.0-dev-20260416-49c393e496-dirty-unknown (-:

Copyright 1991-2027 The GROMACS Authors.
GROMACS is free software; you can redistribute it and/or modify it
under the terms of the GNU Lesser General Public License
as published by the Free Software Foundation; either version 2.1
of the License, or (at your option) any later version.

                         Current GROMACS contributors:
       Mark Abraham           Andrey Alekseenko           Brian Andrews       
        Paul Bauer              Cathrine Bergh              Hugh Bird         
      Eliane Briand               Ania Brown                Yiqi Chen         
      Mahesh Doijade            Giacomo Fiorin          Stefan Fleischmann    
      Sergey Gorelov         Gilles Gouaillardet            Alan Gray         
   Farzaneh Jalalypour         Petter Johansson          Carsten Kutzner      
    Grzegorz Łazarski         Justin A. Lemkul          Magnus Lundborg      
        Julio Maia               Pascal Merz             Vedran Miletić      
      Dmitry Morozov           Lukas Müllender           Szilárd Páll      
 Andrea Pasquadibisceglie     Michele Pellegrino         Nicola Piasentin     
     Daniele Rapetti         Muhammad Umair Sadiq         Hubert Santuz       
      Michael Shirts           Tatiana Shugaeva          Alexey Shvetsov      
     Bálint Soproni            Philip Turner            Alessandra Villa     
        Yang Zhang        

                         Previous GROMACS contributors:
        Emile Apol             Rossen Apostolov           James Barnett       
      Vladimir Basov        Herman J.C. Berendsen         Pär Bjelkmar       
      Christian Blau          Viacheslav Bolnykh            Kevin Boyd        
    Aldert van Buuren          Carlo Camilloni           Rudi van Drunen      
      Anton Feenstra           Oliver Fleetwood            Vytas Gapsys       
       Gaurav Garg             Gerrit Groenhof            Bert de Groot       
      Anca Hamuraru           Vincent Hindriksen          Victor Holanda      
     M. Eric Irrgang           Aleksei Iupinov              Joe Jordan        
    Christoph Junghans        Prashanth Kanduri        Dimitrios Karkoulis    
       Peter Kasson             Sebastian Kehl           Sebastian Keller     
        Jiri Kraus               Per Larsson              Viveca Lindahl      
      Erik Marklund           Pieter Meulenhoff           Teemu Murtola       
       Julien Nabet              Sander Pronk             Roland Schulz       
      Alfons Sijbers         David van der Spoel          Peter Tieleman      
      Carsten Uphoff             Jon Vincent             Teemu Virolainen     
    Christian Wennberg     Sebastian Wingbermühle         Maarten Wolf       
      Artem Zhmurov       

                  Coordinated by the GROMACS project leaders:
                           Berk Hess and Erik Lindahl

GROMACS:      gmx mdrun, version 2027.0-dev-20260416-49c393e496-dirty-unknown
Executable:   /home/kiket/Desktop/test/GROMACS_PCFF/build/bin/gmx
Data prefix:  /home/kiket/바탕화면/test/GROMACS_PCFF (source tree)
Working dir:  /home/kiket/Desktop/test
Process ID:   41179
Command line:
  gmx mdrun -s /home/kiket/Desktop/test/GROMACS_PCFF/output/repulsion_power_9_simd_specialized_cpu_perf/small_oligomer/exact_respa_specialized_perf.tpr -deffnm /home/kiket/Desktop/test/GROMACS_PCFF/output/ntomp6_affinity_probe/specialized/run -pin on -nb cpu -pme cpu -bonded cpu -update cpu -notunepme -ntmpi 1 -ntomp 6 -nsteps 100

GROMACS version:     2027.0-dev-20260416-49c393e496-dirty-unknown
GIT SHA1 hash:       49c393e4960beaa98b2f1bb427ba1e0355ea2a94 (dirty)
Branched from:       unknown
Precision:           mixed
Memory model:        64 bit
MPI library:         thread_mpi
MPI version:         built in
OpenMP support:      enabled (GMX_OPENMP_MAX_THREADS = 128)
GPU support:         disabled
SIMD instructions:   AVX_512
CPU FFT library:     fftw-3.3.10-sse2-avx-avx2-avx2_128-avx512
GPU FFT library:     none
Multi-GPU FFT:       none
RDTSCP:              enabled
TNG support:         enabled
Hwloc support:       disabled
Tracing support:     disabled
Colvars support:     enabled (version 2025-10-13)
CP2K support:        disabled
Torch support:       disabled
Plumed support:      enabled
C compiler:          /usr/bin/cc GNU 13.3.0
C compiler flags:    -Wno-array-bounds -fexcess-precision=fast -funroll-all-loops -march=skylake-avx512 -Wall -Wno-unused -Wunused-value -Wunused-parameter -Wextra -Wno-sign-compare -Wpointer-arith -Wpedantic -Wundef -Werror=stringop-truncation -Wshadow -Wno-missing-field-initializers -O3 -DNDEBUG
C++ compiler:        /usr/bin/c++ GNU 13.3.0
C++ compiler flags:  -Wno-array-bounds -fexcess-precision=fast -funroll-all-loops -march=skylake-avx512 -Wall -Wextra -Wpointer-arith -Wmissing-declarations -Wpedantic -Wundef -Wstringop-truncation -Wshadow -Wno-missing-field-initializers -Wno-stringop-truncation -Wno-cast-function-type-strict SHELL:-fopenmp -O3 -DNDEBUG
BLAS library:        Internal
LAPACK library:      Internal


Running on 1 node with total 12 cores, 24 processing units
Hardware detected on host KikET:
  CPU info:
    Vendor: AMD
    Brand:  AMD Ryzen 9 9900X 12-Core Processor            
    Family: 26   Model: 68   Stepping: 0
    Features: aes amd apic avx avx2 avx512f avx512cd avx512bw avx512vl avx512bf16 avx512secondFMA clfsh cmov cx8 cx16 f16c fma htt lahf misalignsse mmx msr nonstop_tsc pclmuldq pdpe1gb popcnt pse rdrnd rdtscp sha sse2 sse3 sse4a sse4.1 sse4.2 ssse3
  Hardware topology: Basic
    Packages, cores, and logical processors:
    [indices refer to OS logical processors]
      Package  0: [   0  12] [   1  13] [   2  14] [   3  15] [   4  16] [   5  17] [   6  18] [   7  19] [   8  20] [   9  21] [  10  22] [  11  23]
    CPU limit set by OS: -1   Recommended max number of threads: 24


++++ PLEASE READ AND CITE THE FOLLOWING REFERENCE ++++
M. J. Abraham, T. Murtola, R. Schulz, S. Páll, J. C. Smith, B. Hess, E.
Lindahl
GROMACS: High performance molecular simulations through multi-level
parallelism from laptops to supercomputers
SoftwareX (2015)
https://doi.org/10.1016/j.softx.2015.06.001
-------- -------- --- Thank You --- -------- --------


++++ PLEASE READ AND CITE THE FOLLOWING REFERENCE ++++
S. Páll, M. J. Abraham, C. Kutzner, B. Hess, E. Lindahl
Tackling Exascale Software Challenges in Molecular Dynamics Simulations with
GROMACS
In S. Markidis & E. Laure (Eds.), Solving Software Challenges for Exascale (2015)
https://doi.org/10.1007/978-3-319-15976-8_1
-------- -------- --- Thank You --- -------- --------


++++ PLEASE READ AND CITE THE FOLLOWING REFERENCE ++++
S. Pronk, S. Páll, R. Schulz, P. Larsson, P. Bjelkmar, R. Apostolov, M. R.
Shirts, J. C. Smith, P. M. Kasson, D. van der Spoel, B. Hess, E. Lindahl
GROMACS 4.5: a high-throughput and highly parallel open source molecular
simulation toolkit
Bioinformatics (2013)
https://doi.org/10.1093/bioinformatics/btt055
-------- -------- --- Thank You --- -------- --------


++++ PLEASE READ AND CITE THE FOLLOWING REFERENCE ++++
B. Hess, C. Kutzner, D. van der Spoel, E. Lindahl
GROMACS 4: Algorithms for highly efficient, load-balanced, and scalable
molecular simulation
J. Chem. Theory Comput. (2008)
https://doi.org/10.1021/ct700301q
-------- -------- --- Thank You --- -------- --------


++++ PLEASE READ AND CITE THE FOLLOWING REFERENCE ++++
D. van der Spoel, E. Lindahl, B. Hess, G. Groenhof, A. E. Mark, H. J. C.
Berendsen
GROMACS: Fast, Flexible and Free
J. Comp. Chem. (2005)
https://doi.org/10.1002/jcc.20291
-------- -------- --- Thank You --- -------- --------


++++ PLEASE READ AND CITE THE FOLLOWING REFERENCE ++++
E. Lindahl, B. Hess, D. van der Spoel
GROMACS 3.0: A package for molecular simulation and trajectory analysis
J. Mol. Mod. (2001)
https://doi.org/10.1007/s008940100045
-------- -------- --- Thank You --- -------- --------


++++ PLEASE READ AND CITE THE FOLLOWING REFERENCE ++++
H. J. C. Berendsen, D. van der Spoel and R. van Drunen
GROMACS: A message-passing parallel molecular dynamics implementation
Comp. Phys. Comm. (1995)
https://doi.org/10.1016/0010-4655(95)00042-E
-------- -------- --- Thank You --- -------- --------


The number of OpenMP threads was set by environment variable OMP_NUM_THREADS to 6 (and the command-line setting agreed with that)

Modular simulator cannot be used because it does not support one or more things required by the simulation:
  Standalone exact r-RESPA is not supported by the modular simulator.
Input Parameters:
   integrator                     = md-vv
   tinit                          = 0
   dt                             = 0.0005
   nsteps                         = 2000
   init-step                      = 0
   simulation-part                = 1
   mts                            = false
   exact-respa                    = true
   exact-respa-levels             = 3
   exact-respa-level1-factor      = 1
   exact-respa-level2-factor      = 2
   exact-respa-level3-factor      = 4
   exact-respa-bond-level         = 1
   exact-respa-angle-level        = 1
   exact-respa-dihedral-level     = 1
   exact-respa-improper-level     = 1
   exact-respa-pair14-level       = 1
   exact-respa-pair-level         = 3
   exact-respa-kspace-level       = 3
   exact-respa-inner-level        = 1
   exact-respa-middle-level       = 2
   exact-respa-outer-level        = 3
   exact-respa-inner-off          = 0.3
   exact-respa-inner-on           = 0.45
   exact-respa-outer-on           = 0.6
   exact-respa-outer-off          = 0.8
   mass-repartition-factor        = 1
   comm-mode                      = None
   nstcomm                        = 0
   bd-fric                        = 0
   ld-seed                        = -2000873609
   emtol                          = 10
   emstep                         = 0.01
   niter                          = 20
   fcstep                         = 0
   nstcgsteep                     = 1000
   nbfgscorr                      = 10
   rtpi                           = 0.05
   nstxout                        = 0
   nstvout                        = 0
   nstfout                        = 0
   nstlog                         = 200
   nstcalcenergy                  = 200
   nstenergy                      = 200
   nstxout-compressed             = 0
   compressed-x-precision         = 1000
   cutoff-scheme                  = Verlet
   nstlist                        = 4
   pbc                            = xyz
   periodic-molecules             = false
   verlet-buffer-tolerance        = -1
   verlet-buffer-pressure-tolerance = -1
   rlist                          = 0.99
   coulombtype                    = PME
   coulomb-modifier               = None
   rcoulomb-switch                = 0
   rcoulomb                       = 0.9
   epsilon-r                      = 1
   epsilon-rf                     = inf
   vdw-type                       = Cut-off
   vdw-modifier                   = None
   rvdw-switch                    = 0
   rvdw                           = 0.9
   DispCorr                       = No
   table-extension                = 1
   fourierspacing                 = 0.08
   fourier-nx                     = 25
   fourier-ny                     = 25
   fourier-nz                     = 25
   pme-order                      = 4
   ewald-rtol                     = 1e-06
   ewald-rtol-lj                  = 0.001
   lj-pme-comb-rule               = Geometric
   ewald-geometry                 = 3d
   epsilon-surface                = 0
   ensemble-temperature-setting   = not available
   tcoupl                         = No
   nsttcouple                     = -1
   nh-chain-length                = 0
   print-nose-hoover-chain-variables = false
   pcoupl                         = No
   refcoord-scaling               = No
   posres-com: not available
   posres-comB: not available
   QMMM                           = false
qm-opts:
   ngQM                           = 0
   constraint-algorithm           = Lincs
   continuation                   = false
   Shake-SOR                      = false
   shake-tol                      = 0.0001
   lincs-order                    = 4
   lincs-iter                     = 1
   lincs-warnangle                = 30
   nwall                          = 0
   wall-type                      = 9-3
   wall-r-linpot                  = -1
   wall-atomtype[0]               = -1
   wall-atomtype[1]               = -1
   wall-density[0]                = 0
   wall-density[1]                = 0
   wall-ewald-zfac                = 3
   pull                           = false
   awh                            = false
   rotation                       = false
   interactiveMD                  = false
   disre                          = No
   disre-weighting                = Conservative
   disre-mixed                    = false
   dr-fc                          = 1000
   dr-tau                         = 0
   nstdisreout                    = 100
   orire-fc                       = 0
   orire-tau                      = 0
   nstorireout                    = 100
   free-energy                    = no
   cos-acceleration               = 0
   deform (3x3):
      deform[    0]={ 0.00000e+00,  0.00000e+00,  0.00000e+00}
      deform[    1]={ 0.00000e+00,  0.00000e+00,  0.00000e+00}
      deform[    2]={ 0.00000e+00,  0.00000e+00,  0.00000e+00}
   simulated-tempering            = false
   swapcoords                     = no
   userint1                       = 0
   userint2                       = 0
   userint3                       = 0
   userint4                       = 0
   userreal1                      = 0
   userreal2                      = 0
   userreal3                      = 0
   userreal4                      = 0
   applied-forces:
     electric-field:
       x:
         E0                       = 0
         omega                    = 0
         t0                       = 0
         sigma                    = 0
       y:
         E0                       = 0
         omega                    = 0
         t0                       = 0
         sigma                    = 0
       z:
         E0                       = 0
         omega                    = 0
         t0                       = 0
         sigma                    = 0
     density-guided-simulation:
       active                     = false
       group                      = protein
       similarity-measure         = inner-product
       atom-spreading-weight      = unity
       force-constant             = 1e+09
       gaussian-transform-spreading-width = 0.2
       gaussian-transform-spreading-range-in-multiples-of-width = 4
       reference-density-filename = reference.mrc
       nst                        = 1
       normalize-densities        = true
       adaptive-force-scaling     = false
       adaptive-force-scaling-time-constant = 4
       shift-vector               = 
       transformation-matrix      = 
     qmmm-cp2k:
       active                     = false
       qmgroup                    = System
       qmmethod                   = PBE
       qmfilenames                = 
       qmcharge                   = 0
       qmmultiplicity             = 1
     colvars:
       active                     = false
       configfile                 = 
       seed                       = -1
     nnpot:
       active                     = false
       modelfile                  = model.pt
       input-group                = System
       link-type                  = H
       link-distance              = 0.1
       pair-cutoff                = 0
       embedding                  = mechanical
       nnp-charge                 = 0
       model-input1               = 
       model-input2               = 
       model-input3               = 
       model-input4               = 
       model-input5               = 
       model-input6               = 
       model-input7               = 
       model-input8               = 
       model-input9               = 
   fast-multipole-method:
     fmm:
       backend                    = inactive
       exafmm-order               = 6
       exafmm-direct-range        = 2
       exafmm-direct-provider     = GROMACS
       exafmm-tree-type           = uniform
       exafmm-tree-depth          = 0
       exafmm-max-particles-per-cell = 0
       fmsolvr-order              = 8
       fmsolvr-direct-range       = 1
       fmsolvr-direct-provider    = FMM
       fmsolvr-dipole-compensation = true
       fmsolvr-tree-depth         = 3
       fmsolvr-sparse             = false
grpopts:
   nrdf:          18
   ref-t:           0
   tau-t:           0
annealing:          No
annealing-npoints:           0
   acc:	           0           0           0
   nfreeze:           N           N           N
   energygrp-flags[  0]: 0


The -nsteps functionality is deprecated, and may be removed in a future version. Consider using gmx convert-tpr -nsteps or changing the appropriate .mdp file field.

Overriding nsteps with value passed on the command line: 100 steps, 0.05 ps

When checking whether update groups are usable:
  No constraints or virtual sites are in use, so it is best not to use update groups

Initializing Domain Decomposition on 1 ranks
Dynamic load balancing: auto
Minimum cell size due to atom displacement: 0.090 nm
Initial maximum distances in bonded interactions:
    two-body bonded interactions: 0.418 nm, LJ-14, atoms 3 6
  multi-body bonded interactions: 0.418 nm, Class2 Dih., atoms 3 6
Minimum cell size due to bonded interactions: 0.460 nm
Using 0 separate PME ranks because: there are too few total ranks for efficient splitting
Optimizing the DD grid for 1 cells with a minimum initial size of 0.460 nm
The maximum allowed number of cells is: X 4 Y 4 Z 4
Domain decomposition grid 1 x 1 x 1, separate PME ranks 0
PME domain decomposition: 1 x 1 x 1

The initial number of communication pulses is:
The initial domain decomposition cell size is:

The maximum allowed distance for atoms involved in interactions is:
                 non-bonded interactions           0.990 nm
            two-body bonded interactions  (-rdd)   0.990 nm
          multi-body bonded interactions  (-rdd)   0.990 nm

When dynamic load balancing gets turned on, these settings will change to:
The maximum number of communication pulses is:
The minimum size for domain decomposition cells is 0.990 nm
The requested allowed shrink of DD cells (option -dds) is: 0.80
The allowed shrink of domain decomposition cells is:
The maximum allowed distance for atoms involved in interactions is:
                 non-bonded interactions           0.990 nm
            two-body bonded interactions  (-rdd)   0.990 nm
          multi-body bonded interactions  (-rdd)   0.990 nm

Local state does not use filler particles

Using 1 MPI thread
Using 6 OpenMP threads 

System total charge: 0.000
Will do PME sum in reciprocal space for electrostatic interactions.

++++ PLEASE READ AND CITE THE FOLLOWING REFERENCE ++++
U. Essmann, L. Perera, M. L. Berkowitz, T. Darden, H. Lee, L. G. Pedersen 
A smooth particle mesh Ewald method
J. Chem. Phys. (1995)
https://doi.org/10.1063/1.470117
-------- -------- --- Thank You --- -------- --------

Using a Gaussian width (1/beta) of 0.260197 nm for Ewald
Potential shift: LJ r^-9: 0.000e+00 r^-6: 0.000e+00, Ewald -0.000e+00
Initialized non-bonded Coulomb Ewald tables, spacing: 8.41e-04 size: 1071


Detected LJ repulsion power 9.
Enabling the validated CPU SIMD short-range exact LJ 9-6 non-bonded path.
Unsupported modes remain outside this admission scope.
Selecting the specialized exact CPU SIMD repulsion-power-9 microkernel path.

Generated table with 995 data points for 1-4 COUL.
Tabscale = 500 points/nm
Generated table with 995 data points for 1-4 LJ6.
Tabscale = 500 points/nm
Generated table with 995 data points for 1-4 LJ12.
Tabscale = 500 points/nm


Using SIMD2xMM 4x8 nonbonded short-range kernels

Using a 4x8 pair-list setup:
  updated every 4 steps, buffer 0.090 nm, rlist 0.990 nm

The average pressure is off by at most 0.00 bar due to missing LJ interactions
Removing pbc first time

Linking all bonded interactions to atoms


Pinning threads with an auto-selected logical cpu stride of 2

CPU Affinity report:
  Rank     0: External affinity: CPUs: 0-23       , package(s): 0. New affinity: CPUs: 0-5
There are: 6 Atoms

Atom distribution over 1 domains: av 6 stddev 0 min 6 max 6
Initial temperature: 250 K

Started mdrun on rank 0 Thu Apr 16 08:43:15 2026


Standalone exact r-RESPA active (mts-mode = lammps-respa).
           Step           Time
              0        0.00000

   Energies (kJ/mol)
    Class2 Bond   Class2 Angle    Class2 Dih.          LJ-14     Coulomb-14
    1.04063e+02    5.80571e+00    4.07450e+01   -5.25979e-01   -6.27852e+01
        LJ (SR)   Coulomb (SR)   Coul. recip.      Potential    Kinetic En.
   -1.15137e-01    4.83271e+00    1.39081e+01    1.05928e+02    1.87076e+01
   Total Energy    Temperature Pressure (bar)
    1.24636e+02    2.50000e+02   -1.49713e+03

           Step           Time
            100        0.05000

Writing checkpoint, step 100 at Thu Apr 16 08:43:16 2026


   Energies (kJ/mol)
    Class2 Bond   Class2 Angle    Class2 Dih.          LJ-14     Coulomb-14
    1.43474e+01    9.72599e+00    2.86526e+01   -1.08388e+00   -7.74703e+01
        LJ (SR)   Coulomb (SR)   Coul. recip.      Potential    Kinetic En.
   -3.48843e-01    1.12166e+01    1.20415e+01   -2.91893e+00    1.27450e+02
   Total Energy    Temperature Pressure (bar)
    1.24531e+02    1.70319e+03    6.08356e+02


Energy conservation over simulation part #1 of length 0.05 ps, time 0 to 0.05 ps
  Conserved energy drift: -3.50e-01 kJ/mol/ps per atom


	<======  ###############  ==>
	<====  A V E R A G E S  ====>
	<==  ###############  ======>

	Statistics over 101 steps using 1 frames

   Energies (kJ/mol)
    Class2 Bond   Class2 Angle    Class2 Dih.          LJ-14     Coulomb-14
    1.04063e+02    5.80571e+00    4.07450e+01   -5.25979e-01   -6.27852e+01
        LJ (SR)   Coulomb (SR)   Coul. recip.      Potential    Kinetic En.
   -1.15137e-01    4.83271e+00    1.39081e+01    1.05928e+02    1.87076e+01
   Total Energy    Temperature Pressure (bar)
    1.24636e+02    2.50000e+02   -1.49713e+03

   Total Virial (kJ/mol)
    7.81292e+02   -6.16103e+01    4.67006e+01
   -6.16100e+01    2.62033e+02   -1.19347e+02
    4.67005e+01   -1.19347e+02    5.72968e+01

   Pressure (bar)
   -3.21150e+03    2.64238e+02   -1.82795e+02
    2.64237e+02   -1.06778e+03    5.11037e+02
   -1.82794e+02    5.11036e+02   -2.12127e+02


	M E G A - F L O P S   A C C O U N T I N G

 NB=Group-cutoff nonbonded kernels    NxN=N-by-N cluster Verlet kernels
 RF=Reaction-Field  VdW=Van der Waals  QSTab=quadratic-spline table
 W3=SPC/TIP3p  W4=TIP4p (single or pairs)
 V&F=Potential and force  V=Potential only  F=Force only

 Computing:                               M-Number         M-Flops  % Flops
-----------------------------------------------------------------------------
 Pair Search distance check               0.003980           0.036     0.0
 1,4 nonbonded interactions               0.000606           0.055     0.0
 Calc Weights                             0.000918           0.033     0.0
 Spread Q Bspline                         0.019584           0.039     0.0
 Gather F Bspline                         0.019584           0.118     0.1
 3D-FFT                                  22.203360         177.627    86.7
 Solve PME                                0.414375          26.520    13.0
 Reset In Box                             0.000156           0.000     0.0
 CG-CoM                                   0.000162           0.000     0.0
 Bonds                                    0.001010           0.060     0.0
 Angles                                   0.000808           0.136     0.1
 Propers                                  0.000606           0.139     0.1
 Virial                                   0.000306           0.006     0.0
 Calc-Ekin                                0.000612           0.017     0.0
-----------------------------------------------------------------------------
 Total                                                     204.784   100.0
-----------------------------------------------------------------------------


    D O M A I N   D E C O M P O S I T I O N   S T A T I S T I C S

 av. #atoms communicated per step for force:  2 x 0.0


      R E A L   C Y C L E   A N D   T I M E   A C C O U N T I N G

On 1 MPI rank, each using 6 OpenMP threads

 Activity:              Num   Num      Call    Wall time         Giga-Cycles
                        Ranks Threads  Count      (s)         total sum    %
--------------------------------------------------------------------------------
 Domain decomp.            1    6         26       0.000          0.008   1.4
 Neighbor search           1    6         51       0.000          0.007   1.1
 Force                     1    6        202       0.002          0.043   7.5
 PME mesh                  1    6         51       0.011          0.295  51.5
 NB X/F buffer ops.        1    6        202       0.000          0.003   0.5
 Write traj.               1    6          1       0.007          0.189  33.1
 Update                    1    6        101       0.007          0.182  31.7
 Kinetic energy            1    6        101       0.000          0.002   0.3
--------------------------------------------------------------------------------
 Total                                             0.022          0.573 100.0
--------------------------------------------------------------------------------
 Breakdown of PME mesh activities
--------------------------------------------------------------------------------
 PME spread                1    6         51       0.005          0.138  24.0
 PME gather                1    6         51       0.000          0.005   0.8
 PME 3D-FFT                1    6        102       0.006          0.150  26.1
 PME solve Elec            1    6         51       0.000          0.002   0.4
--------------------------------------------------------------------------------

               Core t (s)   Wall t (s)        (%)
       Time:        0.130        0.022      598.7
                 (ns/day)    (hour/ns)    (ms/step)  (Matom*steps/s) 
Performance:      201.037        0.119        0.215            0.028 
Finished mdrun on rank 0 Thu Apr 16 08:43:16 2026

