   :-) GROMACS - gmx mdrun, 2027.0-dev-20260416-49c393e496-dirty-unknown (-:

Copyright 1991-2027 The GROMACS Authors.
GROMACS is free software; you can redistribute it and/or modify it
under the terms of the GNU Lesser General Public License
as published by the Free Software Foundation; either version 2.1
of the License, or (at your option) any later version.

                         Current GROMACS contributors:
       Mark Abraham           Andrey Alekseenko           Brian Andrews       
        Paul Bauer              Cathrine Bergh              Hugh Bird         
      Eliane Briand               Ania Brown                Yiqi Chen         
      Mahesh Doijade            Giacomo Fiorin          Stefan Fleischmann    
      Sergey Gorelov         Gilles Gouaillardet            Alan Gray         
   Farzaneh Jalalypour         Petter Johansson          Carsten Kutzner      
    Grzegorz Łazarski         Justin A. Lemkul          Magnus Lundborg      
        Julio Maia               Pascal Merz             Vedran Miletić      
      Dmitry Morozov           Lukas Müllender           Szilárd Páll      
 Andrea Pasquadibisceglie     Michele Pellegrino         Nicola Piasentin     
     Daniele Rapetti         Muhammad Umair Sadiq         Hubert Santuz       
      Michael Shirts           Tatiana Shugaeva          Alexey Shvetsov      
     Bálint Soproni            Philip Turner            Alessandra Villa     
        Yang Zhang        

                         Previous GROMACS contributors:
        Emile Apol             Rossen Apostolov           James Barnett       
      Vladimir Basov        Herman J.C. Berendsen         Pär Bjelkmar       
      Christian Blau          Viacheslav Bolnykh            Kevin Boyd        
    Aldert van Buuren          Carlo Camilloni           Rudi van Drunen      
      Anton Feenstra           Oliver Fleetwood            Vytas Gapsys       
       Gaurav Garg             Gerrit Groenhof            Bert de Groot       
      Anca Hamuraru           Vincent Hindriksen          Victor Holanda      
     M. Eric Irrgang           Aleksei Iupinov              Joe Jordan        
    Christoph Junghans        Prashanth Kanduri        Dimitrios Karkoulis    
       Peter Kasson             Sebastian Kehl           Sebastian Keller     
        Jiri Kraus               Per Larsson              Viveca Lindahl      
      Erik Marklund           Pieter Meulenhoff           Teemu Murtola       
       Julien Nabet              Sander Pronk             Roland Schulz       
      Alfons Sijbers         David van der Spoel          Peter Tieleman      
      Carsten Uphoff             Jon Vincent             Teemu Virolainen     
    Christian Wennberg     Sebastian Wingbermühle         Maarten Wolf       
      Artem Zhmurov       

                  Coordinated by the GROMACS project leaders:
                           Berk Hess and Erik Lindahl

GROMACS:      gmx mdrun, version 2027.0-dev-20260416-49c393e496-dirty-unknown
Executable:   ../../../../../build_subcounters/bin/gmx
Data prefix:  ../../../../.. (source tree)
Working dir:  ../../../../../..
Process ID:   57135
Command line:
  gmx mdrun -s ../../../../../output/repulsion_power_9_scaling_diagnostic/pin_on/small_salt_polymer_box/exact_respa_specialized_perf.tpr -deffnm ../../../../../output/repulsion_power_9_subcounter_probe/small_salt_polymer_box/ntomp6/generic/run -pin on -nb cpu -pme cpu -bonded cpu -update cpu -notunepme -ntmpi 1 -ntomp 6

GROMACS version:     2027.0-dev-20260416-49c393e496-dirty-unknown
GIT SHA1 hash:       49c393e4960beaa98b2f1bb427ba1e0355ea2a94 (dirty)
Branched from:       unknown
Precision:           mixed
Memory model:        64 bit
MPI library:         thread_mpi
MPI version:         built in
OpenMP support:      enabled (GMX_OPENMP_MAX_THREADS = 128)
GPU support:         disabled
SIMD instructions:   AVX_512
CPU FFT library:     fftw-3.3.10-sse2-avx
GPU FFT library:     none
Multi-GPU FFT:       none
RDTSCP:              enabled
TNG support:         enabled
Hwloc support:       disabled
Tracing support:     disabled
Colvars support:     enabled (version 2025-10-13)
CP2K support:        disabled
Torch support:       disabled
Plumed support:      enabled
C compiler:          /usr/bin/cc GNU 13.3.0
C compiler flags:    -Wno-array-bounds -fexcess-precision=fast -funroll-all-loops -march=skylake-avx512 -Wall -Wno-unused -Wunused-value -Wunused-parameter -Wextra -Wno-sign-compare -Wpointer-arith -Wpedantic -Wundef -Werror=stringop-truncation -Wshadow -Wno-missing-field-initializers -O3 -DNDEBUG
C++ compiler:        /usr/bin/c++ GNU 13.3.0
C++ compiler flags:  -Wno-array-bounds -fexcess-precision=fast -funroll-all-loops -march=skylake-avx512 -Wall -Wextra -Wpointer-arith -Wmissing-declarations -Wpedantic -Wundef -Wstringop-truncation -Wshadow -Wno-missing-field-initializers -Wno-stringop-truncation -Wno-cast-function-type-strict SHELL:-fopenmp -O3 -DNDEBUG
BLAS library:        Internal
LAPACK library:      Internal


Running on 1 node with total 12 cores, 24 processing units
Hardware detected on host KikET:
  CPU info:
    Vendor: AMD
    Brand:  AMD Ryzen 9 9900X 12-Core Processor            
    Family: 26   Model: 68   Stepping: 0
    Features: aes amd apic avx avx2 avx512f avx512cd avx512bw avx512vl avx512bf16 avx512secondFMA clfsh cmov cx8 cx16 f16c fma htt lahf misalignsse mmx msr nonstop_tsc pclmuldq pdpe1gb popcnt pse rdrnd rdtscp sha sse2 sse3 sse4a sse4.1 sse4.2 ssse3
  Hardware topology: Basic
    Packages, cores, and logical processors:
    [indices refer to OS logical processors]
      Package  0: [   0  12] [   1  13] [   2  14] [   3  15] [   4  16] [   5  17] [   6  18] [   7  19] [   8  20] [   9  21] [  10  22] [  11  23]
    CPU limit set by OS: -1   Recommended max number of threads: 24


++++ PLEASE READ AND CITE THE FOLLOWING REFERENCE ++++
M. J. Abraham, T. Murtola, R. Schulz, S. Páll, J. C. Smith, B. Hess, E.
Lindahl
GROMACS: High performance molecular simulations through multi-level
parallelism from laptops to supercomputers
SoftwareX (2015)
https://doi.org/10.1016/j.softx.2015.06.001
-------- -------- --- Thank You --- -------- --------


++++ PLEASE READ AND CITE THE FOLLOWING REFERENCE ++++
S. Páll, M. J. Abraham, C. Kutzner, B. Hess, E. Lindahl
Tackling Exascale Software Challenges in Molecular Dynamics Simulations with
GROMACS
In S. Markidis & E. Laure (Eds.), Solving Software Challenges for Exascale (2015)
https://doi.org/10.1007/978-3-319-15976-8_1
-------- -------- --- Thank You --- -------- --------


++++ PLEASE READ AND CITE THE FOLLOWING REFERENCE ++++
S. Pronk, S. Páll, R. Schulz, P. Larsson, P. Bjelkmar, R. Apostolov, M. R.
Shirts, J. C. Smith, P. M. Kasson, D. van der Spoel, B. Hess, E. Lindahl
GROMACS 4.5: a high-throughput and highly parallel open source molecular
simulation toolkit
Bioinformatics (2013)
https://doi.org/10.1093/bioinformatics/btt055
-------- -------- --- Thank You --- -------- --------


++++ PLEASE READ AND CITE THE FOLLOWING REFERENCE ++++
B. Hess, C. Kutzner, D. van der Spoel, E. Lindahl
GROMACS 4: Algorithms for highly efficient, load-balanced, and scalable
molecular simulation
J. Chem. Theory Comput. (2008)
https://doi.org/10.1021/ct700301q
-------- -------- --- Thank You --- -------- --------


++++ PLEASE READ AND CITE THE FOLLOWING REFERENCE ++++
D. van der Spoel, E. Lindahl, B. Hess, G. Groenhof, A. E. Mark, H. J. C.
Berendsen
GROMACS: Fast, Flexible and Free
J. Comp. Chem. (2005)
https://doi.org/10.1002/jcc.20291
-------- -------- --- Thank You --- -------- --------


++++ PLEASE READ AND CITE THE FOLLOWING REFERENCE ++++
E. Lindahl, B. Hess, D. van der Spoel
GROMACS 3.0: A package for molecular simulation and trajectory analysis
J. Mol. Mod. (2001)
https://doi.org/10.1007/s008940100045
-------- -------- --- Thank You --- -------- --------


++++ PLEASE READ AND CITE THE FOLLOWING REFERENCE ++++
H. J. C. Berendsen, D. van der Spoel and R. van Drunen
GROMACS: A message-passing parallel molecular dynamics implementation
Comp. Phys. Comm. (1995)
https://doi.org/10.1016/0010-4655(95)00042-E
-------- -------- --- Thank You --- -------- --------


The number of OpenMP threads was set by environment variable OMP_NUM_THREADS to 6 (and the command-line setting agreed with that)

Modular simulator cannot be used because it does not support one or more things required by the simulation:
  Standalone exact r-RESPA is not supported by the modular simulator.
Input Parameters:
   integrator                     = md-vv
   tinit                          = 0
   dt                             = 0.0005
   nsteps                         = 8000
   init-step                      = 0
   simulation-part                = 1
   mts                            = false
   exact-respa                    = true
   exact-respa-levels             = 3
   exact-respa-level1-factor      = 1
   exact-respa-level2-factor      = 2
   exact-respa-level3-factor      = 4
   exact-respa-bond-level         = 1
   exact-respa-angle-level        = 1
   exact-respa-dihedral-level     = 1
   exact-respa-improper-level     = 1
   exact-respa-pair14-level       = 1
   exact-respa-pair-level         = 3
   exact-respa-kspace-level       = 3
   exact-respa-inner-level        = 1
   exact-respa-middle-level       = 2
   exact-respa-outer-level        = 3
   exact-respa-inner-off          = 0.3
   exact-respa-inner-on           = 0.45
   exact-respa-outer-on           = 0.6
   exact-respa-outer-off          = 0.8
   mass-repartition-factor        = 1
   comm-mode                      = None
   nstcomm                        = 0
   bd-fric                        = 0
   ld-seed                        = -458542907
   emtol                          = 10
   emstep                         = 0.01
   niter                          = 20
   fcstep                         = 0
   nstcgsteep                     = 1000
   nbfgscorr                      = 10
   rtpi                           = 0.05
   nstxout                        = 0
   nstvout                        = 0
   nstfout                        = 0
   nstlog                         = 200
   nstcalcenergy                  = 200
   nstenergy                      = 200
   nstxout-compressed             = 0
   compressed-x-precision         = 1000
   cutoff-scheme                  = Verlet
   nstlist                        = 4
   pbc                            = xyz
   periodic-molecules             = false
   verlet-buffer-tolerance        = -1
   verlet-buffer-pressure-tolerance = -1
   rlist                          = 0.99
   coulombtype                    = PME
   coulomb-modifier               = None
   rcoulomb-switch                = 0
   rcoulomb                       = 0.9
   epsilon-r                      = 1
   epsilon-rf                     = inf
   vdw-type                       = Cut-off
   vdw-modifier                   = None
   rvdw-switch                    = 0
   rvdw                           = 0.9
   DispCorr                       = No
   table-extension                = 1
   fourierspacing                 = 0.08
   fourier-nx                     = 32
   fourier-ny                     = 32
   fourier-nz                     = 32
   pme-order                      = 4
   ewald-rtol                     = 1e-06
   ewald-rtol-lj                  = 0.001
   lj-pme-comb-rule               = Geometric
   ewald-geometry                 = 3d
   epsilon-surface                = 0
   ensemble-temperature-setting   = not available
   tcoupl                         = No
   nsttcouple                     = -1
   nh-chain-length                = 0
   print-nose-hoover-chain-variables = false
   pcoupl                         = No
   refcoord-scaling               = No
   posres-com: not available
   posres-comB: not available
   QMMM                           = false
qm-opts:
   ngQM                           = 0
   constraint-algorithm           = Lincs
   continuation                   = false
   Shake-SOR                      = false
   shake-tol                      = 0.0001
   lincs-order                    = 4
   lincs-iter                     = 1
   lincs-warnangle                = 30
   nwall                          = 0
   wall-type                      = 9-3
   wall-r-linpot                  = -1
   wall-atomtype[0]               = -1
   wall-atomtype[1]               = -1
   wall-density[0]                = 0
   wall-density[1]                = 0
   wall-ewald-zfac                = 3
   pull                           = false
   awh                            = false
   rotation                       = false
   interactiveMD                  = false
   disre                          = No
   disre-weighting                = Conservative
   disre-mixed                    = false
   dr-fc                          = 1000
   dr-tau                         = 0
   nstdisreout                    = 100
   orire-fc                       = 0
   orire-tau                      = 0
   nstorireout                    = 100
   free-energy                    = no
   cos-acceleration               = 0
   deform (3x3):
      deform[    0]={ 0.00000e+00,  0.00000e+00,  0.00000e+00}
      deform[    1]={ 0.00000e+00,  0.00000e+00,  0.00000e+00}
      deform[    2]={ 0.00000e+00,  0.00000e+00,  0.00000e+00}
   simulated-tempering            = false
   swapcoords                     = no
   userint1                       = 0
   userint2                       = 0
   userint3                       = 0
   userint4                       = 0
   userreal1                      = 0
   userreal2                      = 0
   userreal3                      = 0
   userreal4                      = 0
   applied-forces:
     electric-field:
       x:
         E0                       = 0
         omega                    = 0
         t0                       = 0
         sigma                    = 0
       y:
         E0                       = 0
         omega                    = 0
         t0                       = 0
         sigma                    = 0
       z:
         E0                       = 0
         omega                    = 0
         t0                       = 0
         sigma                    = 0
     density-guided-simulation:
       active                     = false
       group                      = protein
       similarity-measure         = inner-product
       atom-spreading-weight      = unity
       force-constant             = 1e+09
       gaussian-transform-spreading-width = 0.2
       gaussian-transform-spreading-range-in-multiples-of-width = 4
       reference-density-filename = reference.mrc
       nst                        = 1
       normalize-densities        = true
       adaptive-force-scaling     = false
       adaptive-force-scaling-time-constant = 4
       shift-vector               = 
       transformation-matrix      = 
     qmmm-cp2k:
       active                     = false
       qmgroup                    = System
       qmmethod                   = PBE
       qmfilenames                = 
       qmcharge                   = 0
       qmmultiplicity             = 1
     colvars:
       active                     = false
       configfile                 = 
       seed                       = -1
     nnpot:
       active                     = false
       modelfile                  = model.pt
       input-group                = System
       link-type                  = H
       link-distance              = 0.1
       pair-cutoff                = 0
       embedding                  = mechanical
       nnp-charge                 = 0
       model-input1               = 
       model-input2               = 
       model-input3               = 
       model-input4               = 
       model-input5               = 
       model-input6               = 
       model-input7               = 
       model-input8               = 
       model-input9               = 
   fast-multipole-method:
     fmm:
       backend                    = inactive
       exafmm-order               = 6
       exafmm-direct-range        = 2
       exafmm-direct-provider     = GROMACS
       exafmm-tree-type           = uniform
       exafmm-tree-depth          = 0
       exafmm-max-particles-per-cell = 0
       fmsolvr-order              = 8
       fmsolvr-direct-range       = 1
       fmsolvr-direct-provider    = FMM
       fmsolvr-dipole-compensation = true
       fmsolvr-tree-depth         = 3
       fmsolvr-sparse             = false
grpopts:
   nrdf:          30
   ref-t:           0
   tau-t:           0
annealing:          No
annealing-npoints:           0
   acc:	           0           0           0
   nfreeze:           N           N           N
   energygrp-flags[  0]: 0


When checking whether update groups are usable:
  No constraints or virtual sites are in use, so it is best not to use update groups

Initializing Domain Decomposition on 1 ranks
Dynamic load balancing: auto
Minimum cell size due to atom displacement: 0.090 nm
Initial maximum distances in bonded interactions:
    two-body bonded interactions: 0.436 nm, LJ-14, atoms 2 5
  multi-body bonded interactions: 0.436 nm, Class2 Dih., atoms 2 5
Minimum cell size due to bonded interactions: 0.480 nm
Using 0 separate PME ranks because: there are too few total ranks for efficient splitting
Optimizing the DD grid for 1 cells with a minimum initial size of 0.480 nm
The maximum allowed number of cells is: X 5 Y 5 Z 5
Domain decomposition grid 1 x 1 x 1, separate PME ranks 0
PME domain decomposition: 1 x 1 x 1

The initial number of communication pulses is:
The initial domain decomposition cell size is:

The maximum allowed distance for atoms involved in interactions is:
                 non-bonded interactions           0.990 nm
            two-body bonded interactions  (-rdd)   0.990 nm
          multi-body bonded interactions  (-rdd)   0.990 nm

When dynamic load balancing gets turned on, these settings will change to:
The maximum number of communication pulses is:
The minimum size for domain decomposition cells is 0.990 nm
The requested allowed shrink of DD cells (option -dds) is: 0.80
The allowed shrink of domain decomposition cells is:
The maximum allowed distance for atoms involved in interactions is:
                 non-bonded interactions           0.990 nm
            two-body bonded interactions  (-rdd)   0.990 nm
          multi-body bonded interactions  (-rdd)   0.990 nm

Local state does not use filler particles

Using 1 MPI thread
Using 6 OpenMP threads 

System total charge: 0.000
Will do PME sum in reciprocal space for electrostatic interactions.

++++ PLEASE READ AND CITE THE FOLLOWING REFERENCE ++++
U. Essmann, L. Perera, M. L. Berkowitz, T. Darden, H. Lee, L. G. Pedersen 
A smooth particle mesh Ewald method
J. Chem. Phys. (1995)
https://doi.org/10.1063/1.470117
-------- -------- --- Thank You --- -------- --------

Using a Gaussian width (1/beta) of 0.260197 nm for Ewald
Potential shift: LJ r^-9: 0.000e+00 r^-6: 0.000e+00, Ewald -0.000e+00
Initialized non-bonded Coulomb Ewald tables, spacing: 8.41e-04 size: 1071


Detected LJ repulsion power 9.
Enabling the validated CPU SIMD short-range exact LJ 9-6 non-bonded path.
Unsupported modes remain outside this admission scope.
Found environment variable GMX_DISABLE_REPULSION_POWER_9_SIMD_SPECIALIZATION.
Keeping the admitted generic CPU SIMD repulsion-power-9 path for baseline comparison.

Generated table with 995 data points for 1-4 COUL.
Tabscale = 500 points/nm
Generated table with 995 data points for 1-4 LJ6.
Tabscale = 500 points/nm
Generated table with 995 data points for 1-4 LJ12.
Tabscale = 500 points/nm


Using SIMD2xMM 4x8 nonbonded short-range kernels

Using a 4x8 pair-list setup:
  updated every 4 steps, buffer 0.090 nm, rlist 0.990 nm

The average pressure is off by at most 0.00 bar due to missing LJ interactions
Removing pbc first time

Linking all bonded interactions to atoms


Pinning threads with an auto-selected logical cpu stride of 2
There are: 10 Atoms
Atom distribution over 1 domains: av 10 stddev 0 min 10 max 10
Initial temperature: 270 K

Started mdrun on rank 0 Thu Apr 16 10:02:51 2026


Standalone exact r-RESPA active (mts-mode = lammps-respa).
           Step           Time
              0        0.00000

   Energies (kJ/mol)
    Class2 Bond   Class2 Angle    Class2 Dih.          LJ-14     Coulomb-14
    5.25940e+02    3.09649e+01    7.26327e+01   -7.62341e-01   -6.42455e+01
        LJ (SR)   Coulomb (SR)   Coul. recip.      Potential    Kinetic En.
   -6.51378e-01   -5.94463e+02    4.15926e+02    3.85343e+02    3.36736e+01
   Total Energy    Temperature Pressure (bar)
    4.19016e+02    2.70000e+02   -2.52526e+03

           Step           Time
            200        0.10000

   Energies (kJ/mol)
    Class2 Bond   Class2 Angle    Class2 Dih.          LJ-14     Coulomb-14
    2.90130e+02    6.84235e+01    4.07846e+01    9.09064e-01   -8.85714e+01
        LJ (SR)   Coulomb (SR)   Coul. recip.      Potential    Kinetic En.
   -1.74193e+00   -5.78277e+02    4.30324e+02    1.61981e+02    2.56840e+02
   Total Energy    Temperature Pressure (bar)
    4.18821e+02    2.05939e+03    1.47606e+03

           Step           Time
            400        0.20000

   Energies (kJ/mol)
    Class2 Bond   Class2 Angle    Class2 Dih.          LJ-14     Coulomb-14
    3.01280e+02    9.55185e+01    4.62474e+01    9.44938e+00   -8.46071e+01
        LJ (SR)   Coulomb (SR)   Coul. recip.      Potential    Kinetic En.
   -9.54799e-01   -5.99996e+02    3.88028e+02    1.54965e+02    2.63914e+02
   Total Energy    Temperature Pressure (bar)
    4.18879e+02    2.11611e+03   -1.53800e+03

           Step           Time
            600        0.30000

   Energies (kJ/mol)
    Class2 Bond   Class2 Angle    Class2 Dih.          LJ-14     Coulomb-14
    8.42476e+01    8.48592e+01    5.55371e+01    4.82587e-02   -8.13720e+01
        LJ (SR)   Coulomb (SR)   Coul. recip.      Potential    Kinetic En.
    8.28597e+01   -6.39742e+02    3.23145e+02   -9.04170e+01    5.08962e+02
   Total Energy    Temperature Pressure (bar)
    4.18545e+02    4.08094e+03    2.48239e+02

           Step           Time
            800        0.40000

   Energies (kJ/mol)
    Class2 Bond   Class2 Angle    Class2 Dih.          LJ-14     Coulomb-14
    6.83181e+01    7.08834e+01    3.35384e+01    3.28677e+00   -9.07648e+01
        LJ (SR)   Coulomb (SR)   Coul. recip.      Potential    Kinetic En.
   -2.94003e+00   -5.83614e+02    3.47825e+02   -1.53467e+02    5.72203e+02
   Total Energy    Temperature Pressure (bar)
    4.18736e+02    4.58801e+03    4.99066e+02

           Step           Time
           1000        0.50000

   Energies (kJ/mol)
    Class2 Bond   Class2 Angle    Class2 Dih.          LJ-14     Coulomb-14
    5.21804e+01    9.16576e+01    2.94518e+01    3.48459e+00   -9.63839e+01
        LJ (SR)   Coulomb (SR)   Coul. recip.      Potential    Kinetic En.
    6.00763e+01   -5.99484e+02    3.81991e+02   -7.70259e+01    4.95591e+02
   Total Energy    Temperature Pressure (bar)
    4.18565e+02    3.97373e+03    3.77284e+02

           Step           Time
           1200        0.60000

   Energies (kJ/mol)
    Class2 Bond   Class2 Angle    Class2 Dih.          LJ-14     Coulomb-14
    9.02326e+01    7.18305e+01    3.45969e+01   -1.55041e+00   -8.39700e+01
        LJ (SR)   Coulomb (SR)   Coul. recip.      Potential    Kinetic En.
   -2.28090e+00   -5.76809e+02    4.26421e+02   -4.15290e+01    4.60197e+02
   Total Energy    Temperature Pressure (bar)
    4.18668e+02    3.68993e+03   -2.30056e+02

           Step           Time
           1400        0.70000

   Energies (kJ/mol)
    Class2 Bond   Class2 Angle    Class2 Dih.          LJ-14     Coulomb-14
    1.74385e+02    1.24685e+02    3.84331e+01    5.37452e+01   -1.00890e+02
        LJ (SR)   Coulomb (SR)   Coul. recip.      Potential    Kinetic En.
   -3.36282e+00   -5.77986e+02    3.95265e+02    1.04275e+02    3.14557e+02
   Total Energy    Temperature Pressure (bar)
    4.18832e+02    2.52217e+03    8.11952e+02

           Step           Time
           1600        0.80000

   Energies (kJ/mol)
    Class2 Bond   Class2 Angle    Class2 Dih.          LJ-14     Coulomb-14
    1.40073e+02    7.84531e+01    4.59885e+01    6.16938e+00   -8.93340e+01
        LJ (SR)   Coulomb (SR)   Coul. recip.      Potential    Kinetic En.
    3.21295e+01   -6.23080e+02    3.58177e+02   -5.14232e+01    4.70025e+02
   Total Energy    Temperature Pressure (bar)
    4.18602e+02    3.76873e+03    5.87084e+02

           Step           Time
           1800        0.90000

   Energies (kJ/mol)
    Class2 Bond   Class2 Angle    Class2 Dih.          LJ-14     Coulomb-14
    1.21134e+02    7.02348e+01    4.69115e+01   -2.83808e-01   -8.44492e+01
        LJ (SR)   Coulomb (SR)   Coul. recip.      Potential    Kinetic En.
    1.70179e+01   -5.82368e+02    3.75364e+02   -3.64387e+01    4.55032e+02
   Total Energy    Temperature Pressure (bar)
    4.18594e+02    3.64852e+03    3.60533e+02

           Step           Time
           2000        1.00000

   Energies (kJ/mol)
    Class2 Bond   Class2 Angle    Class2 Dih.          LJ-14     Coulomb-14
    9.79948e+01    1.40008e+02    3.78806e+01    5.40955e+00   -8.88860e+01
        LJ (SR)   Coulomb (SR)   Coul. recip.      Potential    Kinetic En.
   -1.96517e+00   -5.85807e+02    3.58086e+02   -3.72787e+01    4.55944e+02
   Total Energy    Temperature Pressure (bar)
    4.18666e+02    3.65583e+03   -3.60994e+02

           Step           Time
           2200        1.10000

   Energies (kJ/mol)
    Class2 Bond   Class2 Angle    Class2 Dih.          LJ-14     Coulomb-14
    8.11155e+01    2.51554e+02    3.48906e+01   -1.13454e+00   -8.32785e+01
        LJ (SR)   Coulomb (SR)   Coul. recip.      Potential    Kinetic En.
   -1.94523e+00   -5.84478e+02    3.02935e+02   -3.42133e-01    4.19039e+02
   Total Energy    Temperature Pressure (bar)
    4.18697e+02    3.35992e+03   -2.77623e+02

           Step           Time
           2400        1.20000

   Energies (kJ/mol)
    Class2 Bond   Class2 Angle    Class2 Dih.          LJ-14     Coulomb-14
    2.62161e+02    5.41170e+01    4.03736e+01   -1.35992e+00   -8.19237e+01
        LJ (SR)   Coulomb (SR)   Coul. recip.      Potential    Kinetic En.
   -1.61823e+00   -5.94492e+02    2.55433e+02   -6.73092e+01    4.86231e+02
   Total Energy    Temperature Pressure (bar)
    4.18922e+02    3.89868e+03   -2.06892e+02

           Step           Time
           2600        1.30000

   Energies (kJ/mol)
    Class2 Bond   Class2 Angle    Class2 Dih.          LJ-14     Coulomb-14
    5.18311e+01    7.28998e+01    2.74541e+01    1.77730e+01   -9.31653e+01
        LJ (SR)   Coulomb (SR)   Coul. recip.      Potential    Kinetic En.
    2.69412e-01   -5.70377e+02    3.84056e+02   -1.09259e+02    5.27896e+02
   Total Energy    Temperature Pressure (bar)
    4.18637e+02    4.23275e+03    7.00959e+02

           Step           Time
           2800        1.40000

   Energies (kJ/mol)
    Class2 Bond   Class2 Angle    Class2 Dih.          LJ-14     Coulomb-14
    2.19131e+02    2.20039e+01    4.27807e+01   -1.30381e+00   -8.03461e+01
        LJ (SR)   Coulomb (SR)   Coul. recip.      Potential    Kinetic En.
   -2.13706e+00   -5.79953e+02    4.08921e+02    2.90959e+01    3.89767e+02
   Total Energy    Temperature Pressure (bar)
    4.18863e+02    3.12521e+03   -7.16608e+02

           Step           Time
           3000        1.50000

   Energies (kJ/mol)
    Class2 Bond   Class2 Angle    Class2 Dih.          LJ-14     Coulomb-14
    1.16360e+02    4.81651e+01    3.84181e+01    3.23894e+01   -1.04080e+02
        LJ (SR)   Coulomb (SR)   Coul. recip.      Potential    Kinetic En.
    2.31045e+00   -5.66412e+02    3.79272e+02   -5.35769e+01    4.72299e+02
   Total Energy    Temperature Pressure (bar)
    4.18722e+02    3.78697e+03    3.21849e+02

           Step           Time
           3200        1.60000

   Energies (kJ/mol)
    Class2 Bond   Class2 Angle    Class2 Dih.          LJ-14     Coulomb-14
    1.29835e+02    1.91196e+01    4.17746e+01   -1.45774e+00   -8.15282e+01
        LJ (SR)   Coulomb (SR)   Coul. recip.      Potential    Kinetic En.
   -3.61649e-01   -6.46551e+02    1.71291e+02   -3.67878e+02    7.86647e+02
   Total Energy    Temperature Pressure (bar)
    4.18769e+02    6.30746e+03    2.39464e+02

           Step           Time
           3400        1.70000

   Energies (kJ/mol)
    Class2 Bond   Class2 Angle    Class2 Dih.          LJ-14     Coulomb-14
    1.69178e+02    3.71215e+01    3.10461e+01    4.52749e-01   -8.77505e+01
        LJ (SR)   Coulomb (SR)   Coul. recip.      Potential    Kinetic En.
    1.17093e+01   -5.78405e+02    3.43442e+02   -7.32067e+01    4.92041e+02
   Total Energy    Temperature Pressure (bar)
    4.18834e+02    3.94526e+03   -2.09024e+02

           Step           Time
           3600        1.80000

   Energies (kJ/mol)
    Class2 Bond   Class2 Angle    Class2 Dih.          LJ-14     Coulomb-14
    7.54244e+01    7.26048e+01    3.43230e+01    2.45018e+01   -9.76948e+01
        LJ (SR)   Coulomb (SR)   Coul. recip.      Potential    Kinetic En.
   -2.49872e+00   -5.73661e+02    4.06000e+02   -6.10001e+01    4.79661e+02
   Total Energy    Temperature Pressure (bar)
    4.18661e+02    3.84599e+03    4.88190e+02

           Step           Time
           3800        1.90000

   Energies (kJ/mol)
    Class2 Bond   Class2 Angle    Class2 Dih.          LJ-14     Coulomb-14
    1.52169e+02    1.04173e+02    5.25417e+01    1.44516e+01   -8.34502e+01
        LJ (SR)   Coulomb (SR)   Coul. recip.      Potential    Kinetic En.
   -1.06701e+00   -5.81461e+02    4.05244e+02    6.26014e+01    3.56213e+02
   Total Energy    Temperature Pressure (bar)
    4.18814e+02    2.85617e+03   -2.95025e+02

           Step           Time
           4000        2.00000

   Energies (kJ/mol)
    Class2 Bond   Class2 Angle    Class2 Dih.          LJ-14     Coulomb-14
    8.53854e+01    1.24147e+02    3.61885e+01    2.50816e+01   -1.02065e+02
        LJ (SR)   Coulomb (SR)   Coul. recip.      Potential    Kinetic En.
   -3.98746e-01   -5.70081e+02    3.35789e+02   -6.59538e+01    4.84725e+02
   Total Energy    Temperature Pressure (bar)
    4.18771e+02    3.88660e+03    5.87508e+02

           Step           Time
           4200        2.10000

   Energies (kJ/mol)
    Class2 Bond   Class2 Angle    Class2 Dih.          LJ-14     Coulomb-14
    6.04205e+01    5.67120e+01    3.91138e+01    2.62181e+00   -9.08541e+01
        LJ (SR)   Coulomb (SR)   Coul. recip.      Potential    Kinetic En.
   -1.70374e-01   -6.11957e+02    2.09974e+02   -3.34140e+02    7.52815e+02
   Total Energy    Temperature Pressure (bar)
    4.18676e+02    6.03619e+03    1.89029e+02

           Step           Time
           4400        2.20000

   Energies (kJ/mol)
    Class2 Bond   Class2 Angle    Class2 Dih.          LJ-14     Coulomb-14
    1.09296e+02    1.32788e+01    3.76753e+01    4.11915e+00   -9.24197e+01
        LJ (SR)   Coulomb (SR)   Coul. recip.      Potential    Kinetic En.
    2.80781e+01   -5.76358e+02    3.82665e+02   -9.36658e+01    5.12420e+02
   Total Energy    Temperature Pressure (bar)
    4.18754e+02    4.10866e+03    3.11236e+02

           Step           Time
           4600        2.30000

   Energies (kJ/mol)
    Class2 Bond   Class2 Angle    Class2 Dih.          LJ-14     Coulomb-14
    6.64135e+01    8.48788e+01    3.64196e+01    4.04041e+00   -9.60355e+01
        LJ (SR)   Coulomb (SR)   Coul. recip.      Potential    Kinetic En.
    3.35193e+01   -5.72132e+02    4.07577e+02   -3.53193e+01    4.54001e+02
   Total Energy    Temperature Pressure (bar)
    4.18682e+02    3.64025e+03    7.94645e+02

           Step           Time
           4800        2.40000

   Energies (kJ/mol)
    Class2 Bond   Class2 Angle    Class2 Dih.          LJ-14     Coulomb-14
    2.06307e+02    5.81367e+01    3.06110e+01   -1.58726e+00   -8.13141e+01
        LJ (SR)   Coulomb (SR)   Coul. recip.      Potential    Kinetic En.
   -1.52413e+00   -5.79287e+02    4.00025e+02    3.13676e+01    3.87482e+02
   Total Energy    Temperature Pressure (bar)
    4.18849e+02    3.10689e+03   -6.42950e+02

           Step           Time
           5000        2.50000

   Energies (kJ/mol)
    Class2 Bond   Class2 Angle    Class2 Dih.          LJ-14     Coulomb-14
    2.25597e+02    1.11964e+02    4.44384e+01    1.26119e+01   -7.95002e+01
        LJ (SR)   Coulomb (SR)   Coul. recip.      Potential    Kinetic En.
   -7.24472e-01   -5.91596e+02    2.63997e+02   -1.32130e+01    4.32098e+02
   Total Energy    Temperature Pressure (bar)
    4.18885e+02    3.46463e+03   -7.46524e+02

           Step           Time
           5200        2.60000

   Energies (kJ/mol)
    Class2 Bond   Class2 Angle    Class2 Dih.          LJ-14     Coulomb-14
    8.46146e+01    7.19472e+01    3.64454e+01    3.91187e+01   -9.00883e+01
        LJ (SR)   Coulomb (SR)   Coul. recip.      Potential    Kinetic En.
    2.80295e+01   -5.75421e+02    3.12055e+02   -9.32986e+01    5.12061e+02
   Total Energy    Temperature Pressure (bar)
    4.18762e+02    4.10578e+03    8.01020e+01

           Step           Time
           5400        2.70000

   Energies (kJ/mol)
    Class2 Bond   Class2 Angle    Class2 Dih.          LJ-14     Coulomb-14
    7.31545e+01    1.78286e+02    4.03114e+01    9.25196e-01   -8.98955e+01
        LJ (SR)   Coulomb (SR)   Coul. recip.      Potential    Kinetic En.
    7.00615e+00   -5.75520e+02    4.05272e+02    3.95393e+01    3.79205e+02
   Total Energy    Temperature Pressure (bar)
    4.18744e+02    3.04052e+03    4.06752e+02

           Step           Time
           5600        2.80000

   Energies (kJ/mol)
    Class2 Bond   Class2 Angle    Class2 Dih.          LJ-14     Coulomb-14
    7.69375e+01    1.24174e+02    3.15323e+01    1.00349e+00   -9.02490e+01
        LJ (SR)   Coulomb (SR)   Coul. recip.      Potential    Kinetic En.
   -2.41024e+00   -5.73815e+02    4.03764e+02   -2.90633e+01    4.47726e+02
   Total Energy    Temperature Pressure (bar)
    4.18663e+02    3.58994e+03    3.84869e+02

           Step           Time
           5800        2.90000

   Energies (kJ/mol)
    Class2 Bond   Class2 Angle    Class2 Dih.          LJ-14     Coulomb-14
    1.16599e+02    1.12303e+02    2.97521e+01   -1.46388e+00   -8.05930e+01
        LJ (SR)   Coulomb (SR)   Coul. recip.      Potential    Kinetic En.
   -1.38405e+00   -5.80122e+02    3.53945e+02   -5.09636e+01    4.69732e+02
   Total Energy    Temperature Pressure (bar)
    4.18768e+02    3.76638e+03   -1.77779e+02

           Step           Time
           6000        3.00000

   Energies (kJ/mol)
    Class2 Bond   Class2 Angle    Class2 Dih.          LJ-14     Coulomb-14
    7.74812e+01    1.59342e+02    3.16198e+01    1.66345e+01   -1.02245e+02
        LJ (SR)   Coulomb (SR)   Coul. recip.      Potential    Kinetic En.
    3.78928e+01   -6.74088e+02    1.48028e+02   -3.05335e+02    7.24048e+02
   Total Energy    Temperature Pressure (bar)
    4.18713e+02    5.80553e+03    8.90192e+02

           Step           Time
           6200        3.10000

   Energies (kJ/mol)
    Class2 Bond   Class2 Angle    Class2 Dih.          LJ-14     Coulomb-14
    6.21315e+01    8.85837e+01    3.27201e+01   -1.41544e+00   -7.78334e+01
        LJ (SR)   Coulomb (SR)   Coul. recip.      Potential    Kinetic En.
   -1.32921e+00   -5.79855e+02    3.79410e+02   -9.75875e+01    5.16308e+02
   Total Energy    Temperature Pressure (bar)
    4.18720e+02    4.13984e+03   -9.58558e+00

           Step           Time
           6400        3.20000

   Energies (kJ/mol)
    Class2 Bond   Class2 Angle    Class2 Dih.          LJ-14     Coulomb-14
    1.45940e+02    3.45477e+01    3.84194e+01   -7.05730e-01   -8.76368e+01
        LJ (SR)   Coulomb (SR)   Coul. recip.      Potential    Kinetic En.
   -2.17485e+00   -5.79046e+02    4.01218e+02   -4.94383e+01    4.68173e+02
   Total Energy    Temperature Pressure (bar)
    4.18735e+02    3.75389e+03   -3.17702e+02

           Step           Time
           6600        3.30000

   Energies (kJ/mol)
    Class2 Bond   Class2 Angle    Class2 Dih.          LJ-14     Coulomb-14
    1.01235e+02    1.29696e+02    2.72485e+01    1.37380e+01   -8.57220e+01
        LJ (SR)   Coulomb (SR)   Coul. recip.      Potential    Kinetic En.
    5.93776e-01   -5.75238e+02    3.88314e+02   -1.35284e-01    4.18886e+02
   Total Energy    Temperature Pressure (bar)
    4.18751e+02    3.35869e+03    2.82401e+02

           Step           Time
           6800        3.40000

   Energies (kJ/mol)
    Class2 Bond   Class2 Angle    Class2 Dih.          LJ-14     Coulomb-14
    5.64737e+01    1.13805e+02    3.30417e+01   -1.20479e+00   -8.22266e+01
        LJ (SR)   Coulomb (SR)   Coul. recip.      Potential    Kinetic En.
   -2.32181e+00   -6.13404e+02    2.12128e+02   -2.83708e+02    7.02289e+02
   Total Energy    Temperature Pressure (bar)
    4.18581e+02    5.63106e+03   -1.94772e+02

           Step           Time
           7000        3.50000

   Energies (kJ/mol)
    Class2 Bond   Class2 Angle    Class2 Dih.          LJ-14     Coulomb-14
    1.16178e+02    7.94997e+01    4.75298e+01   -1.27587e+00   -8.60233e+01
        LJ (SR)   Coulomb (SR)   Coul. recip.      Potential    Kinetic En.
   -1.18735e+00   -5.82240e+02    3.38862e+02   -8.86559e+01    5.07449e+02
   Total Energy    Temperature Pressure (bar)
    4.18793e+02    4.06880e+03    2.92143e+01

           Step           Time
           7200        3.60000

   Energies (kJ/mol)
    Class2 Bond   Class2 Angle    Class2 Dih.          LJ-14     Coulomb-14
    1.37405e+02    9.00531e+00    4.54422e+01    2.57385e+00   -8.89189e+01
        LJ (SR)   Coulomb (SR)   Coul. recip.      Potential    Kinetic En.
   -1.58354e+00   -5.77676e+02    4.03633e+02   -7.01193e+01    4.88848e+02
   Total Energy    Temperature Pressure (bar)
    4.18729e+02    3.91966e+03    2.25459e+02

           Step           Time
           7400        3.70000

   Energies (kJ/mol)
    Class2 Bond   Class2 Angle    Class2 Dih.          LJ-14     Coulomb-14
    9.85831e+01    8.41950e+01    2.97064e+01   -5.45239e-01   -8.95701e+01
        LJ (SR)   Coulomb (SR)   Coul. recip.      Potential    Kinetic En.
    3.68161e+00   -5.75415e+02    4.06233e+02   -4.31315e+01    4.61857e+02
   Total Energy    Temperature Pressure (bar)
    4.18726e+02    3.70324e+03    9.34096e+01

           Step           Time
           7600        3.80000

   Energies (kJ/mol)
    Class2 Bond   Class2 Angle    Class2 Dih.          LJ-14     Coulomb-14
    1.32710e+02    9.69298e+01    4.22437e+01   -8.43157e-01   -8.22490e+01
        LJ (SR)   Coulomb (SR)   Coul. recip.      Potential    Kinetic En.
   -1.05608e+00   -5.80435e+02    3.47290e+02   -4.54092e+01    4.64042e+02
   Total Energy    Temperature Pressure (bar)
    4.18633e+02    3.72076e+03    1.54624e+02

           Step           Time
           7800        3.90000

   Energies (kJ/mol)
    Class2 Bond   Class2 Angle    Class2 Dih.          LJ-14     Coulomb-14
    1.15164e+02    1.41289e+02    3.95836e+01   -1.26141e+00   -7.24919e+01
        LJ (SR)   Coulomb (SR)   Coul. recip.      Potential    Kinetic En.
   -2.13528e-01   -6.34460e+02    1.88354e+02   -2.24037e+02    6.42699e+02
   Total Energy    Temperature Pressure (bar)
    4.18662e+02    5.15326e+03   -3.12035e+02

           Step           Time
           8000        4.00000

Writing checkpoint, step 8000 at Thu Apr 16 10:02:52 2026


   Energies (kJ/mol)
    Class2 Bond   Class2 Angle    Class2 Dih.          LJ-14     Coulomb-14
    1.78440e+02    7.45074e+01    4.48754e+01    4.57816e+00   -9.63019e+01
        LJ (SR)   Coulomb (SR)   Coul. recip.      Potential    Kinetic En.
   -1.57634e+00   -5.75119e+02    3.81201e+02    1.06058e+01    4.08032e+02
   Total Energy    Temperature Pressure (bar)
    4.18638e+02    3.27166e+03    4.02121e+01


Energy conservation over simulation part #1 of length 4 ps, time 0 to 4 ps
  Conserved energy drift: -9.46e-03 kJ/mol/ps per atom


	<======  ###############  ==>
	<====  A V E R A G E S  ====>
	<==  ###############  ======>

	Statistics over 8001 steps using 41 frames

   Energies (kJ/mol)
    Class2 Bond   Class2 Angle    Class2 Dih.          LJ-14     Coulomb-14
    1.34868e+02    8.67440e+01    3.90372e+01    6.85274e+00   -8.75835e+01
        LJ (SR)   Coulomb (SR)   Coul. recip.      Potential    Kinetic En.
    7.40473e+00   -5.89529e+02    3.49436e+02   -5.27696e+01    4.71503e+02
   Total Energy    Temperature Pressure (bar)
    4.18734e+02    3.78059e+03    4.43782e+01

   Total Virial (kJ/mol)
    1.98222e+02   -3.42635e+01   -1.25120e+01
   -3.42635e+01    1.01002e+02    9.32794e+00
   -1.25120e+01    9.32795e+00    1.16862e+02

   Pressure (bar)
   -1.14273e+02    6.75681e+01   -2.08735e+01
    6.75681e+01    1.56279e+02   -1.76079e+00
   -2.08735e+01   -1.76082e+00    9.11281e+01


	M E G A - F L O P S   A C C O U N T I N G

 NB=Group-cutoff nonbonded kernels    NxN=N-by-N cluster Verlet kernels
 RF=Reaction-Field  VdW=Van der Waals  QSTab=quadratic-spline table
 W3=SPC/TIP3p  W4=TIP4p (single or pairs)
 V&F=Potential and force  V=Potential only  F=Force only

 Computing:                               M-Number         M-Flops  % Flops
-----------------------------------------------------------------------------
 Pair Search distance check               1.109096           9.982     0.0
 1,4 nonbonded interactions               0.080010           7.201     0.0
 Calc Weights                             0.120030           4.321     0.0
 Spread Q Bspline                         2.560640           5.121     0.0
 Gather F Bspline                         2.560640          15.364     0.0
 3D-FFT                                3933.135038       31465.080    87.4
 Solve PME                               69.649408        4457.562    12.4
 Reset In Box                             0.020010           0.060     0.0
 CG-CoM                                   0.020020           0.060     0.0
 Bonds                                    0.112014           6.609     0.0
 Angles                                   0.096012          16.130     0.0
 Propers                                  0.080010          18.322     0.1
 Virial                                   0.006765           0.122     0.0
 Calc-Ekin                                0.080020           2.161     0.0
-----------------------------------------------------------------------------
 Total                                                   36008.095   100.0
-----------------------------------------------------------------------------


    D O M A I N   D E C O M P O S I T I O N   S T A T I S T I C S

 av. #atoms communicated per step for force:  2 x 0.0


      R E A L   C Y C L E   A N D   T I M E   A C C O U N T I N G

On 1 MPI rank, each using 6 OpenMP threads

 Activity:              Num   Num      Call    Wall time         Giga-Cycles
                        Ranks Threads  Count      (s)         total sum    %
--------------------------------------------------------------------------------
 Domain decomp.            1    6       2001       0.023          0.594   6.2
 Neighbor search           1    6       4001       0.015          0.400   4.2
 Force                     1    6      16002       0.118          3.107  32.3
 PME mesh                  1    6       4001       0.136          3.584  37.2
 NB X/F buffer ops.        1    6      16002       0.008          0.216   2.2
 Write traj.               1    6          1       0.006          0.152   1.6
 Update                    1    6       8001       0.166          4.370  45.4
 Kinetic energy            1    6       8001       0.004          0.119   1.2
--------------------------------------------------------------------------------
 Total                                             0.365          9.625 100.0
--------------------------------------------------------------------------------
 Breakdown of PME mesh activities
--------------------------------------------------------------------------------
 PME spread                1    6       4001       0.019          0.492   5.1
 PME gather                1    6       4001       0.014          0.382   4.0
 PME 3D-FFT                1    6       8002       0.090          2.376  24.7
 PME solve Elec            1    6       4001       0.010          0.270   2.8
--------------------------------------------------------------------------------
 Breakdown of PP / PME activities
--------------------------------------------------------------------------------
 DD redist.                1    6       2001       0.001          0.036   0.4
 DD NS grid + sort         1    6       2001       0.010          0.267   2.8
 DD setup comm.            1    6       2001       0.000          0.003   0.0
 DD make top.              1    6       2001       0.003          0.081   0.8
 DD make constr.           1    6       2001       0.000          0.001   0.0
 DD top. other             1    6       2001       0.000          0.007   0.1
 NS grid non-local         1    6       4001       0.002          0.063   0.7
 NS search local           1    6       4001       0.009          0.235   2.4
 Bonded F                  1    6      16002       0.014          0.360   3.7
 Listed buffer ops.        1    6      16002       0.008          0.209   2.2
 NB X buffer ops.          1    6      16002       0.008          0.204   2.1
 Clear force buffer        1    6      28004       0.000          0.012   0.1
--------------------------------------------------------------------------------

               Core t (s)   Wall t (s)        (%)
       Time:        2.187        0.365      599.9
                 (ns/day)    (hour/ns)    (ms/step)  (Matom*steps/s) 
Performance:      947.996        0.025        0.046            0.219 
Finished mdrun on rank 0 Thu Apr 16 10:02:52 2026

